reading data...
done.
creating training artifacts...
Using cached encoded data file: train_5_error.pkl
Using cached encoded data file: test_5_error.pkl
done.
training declare model...
run 1 start -- seed=0
/home/azureuser/.local/lib/python3.8/site-packages/sklearn/metrics/_classification.py:1344: UndefinedMetricWarning: Precision and F-score are ill-defined and being set to 0.0 in labels with no predicted samples. Use `zero_division` parameter to control this behavior.
  _warn_prf(average, modifier, msg_start, len(result))
epoch 1 time: 3.36e+03s, train loss: 24.72, metrics: {'f1': 0.04211561222918218, 'f1_macro': 0.010755387931034482, 'prec_macro': 0.5, 'rec_macro': 0.02105780611459109, 'f1_micro': 0.021510775862068964, 'prec_micro': 0.021510775862068964, 'rec_micro': 0.021510775862068964}
/home/azureuser/.local/lib/python3.8/site-packages/sklearn/metrics/_classification.py:1344: UndefinedMetricWarning: Precision and F-score are ill-defined and being set to 0.0 in labels with no predicted samples. Use `zero_division` parameter to control this behavior.
  _warn_prf(average, modifier, msg_start, len(result))
epoch 2 time: 3.29e+03s, train loss: 24.72, metrics: {'f1': 0.04211561222918218, 'f1_macro': 0.010755387931034482, 'prec_macro': 0.5, 'rec_macro': 0.02105780611459109, 'f1_micro': 0.021510775862068964, 'prec_micro': 0.021510775862068964, 'rec_micro': 0.021510775862068964}
/home/azureuser/.local/lib/python3.8/site-packages/sklearn/metrics/_classification.py:1344: UndefinedMetricWarning: Precision and F-score are ill-defined and being set to 0.0 in labels with no predicted samples. Use `zero_division` parameter to control this behavior.
  _warn_prf(average, modifier, msg_start, len(result))
epoch 3 time: 3.28e+03s, train loss: 24.72, metrics: {'f1': 0.04211561222918218, 'f1_macro': 0.010755387931034482, 'prec_macro': 0.5, 'rec_macro': 0.02105780611459109, 'f1_micro': 0.021510775862068964, 'prec_micro': 0.021510775862068964, 'rec_micro': 0.021510775862068964}
/home/azureuser/.local/lib/python3.8/site-packages/sklearn/metrics/_classification.py:1344: UndefinedMetricWarning: Precision and F-score are ill-defined and being set to 0.0 in labels with no predicted samples. Use `zero_division` parameter to control this behavior.
  _warn_prf(average, modifier, msg_start, len(result))
epoch 4 time: 3.22e+03s, train loss: 24.72, metrics: {'f1': 0.04211561222918218, 'f1_macro': 0.010755387931034482, 'prec_macro': 0.5, 'rec_macro': 0.02105780611459109, 'f1_micro': 0.021510775862068964, 'prec_micro': 0.021510775862068964, 'rec_micro': 0.021510775862068964}
/home/azureuser/.local/lib/python3.8/site-packages/sklearn/metrics/_classification.py:1344: UndefinedMetricWarning: Precision and F-score are ill-defined and being set to 0.0 in labels with no predicted samples. Use `zero_division` parameter to control this behavior.
  _warn_prf(average, modifier, msg_start, len(result))
epoch 5 time: 3.21e+03s, train loss: 24.72, metrics: {'f1': 0.04211561222918218, 'f1_macro': 0.010755387931034482, 'prec_macro': 0.5, 'rec_macro': 0.02105780611459109, 'f1_micro': 0.021510775862068964, 'prec_micro': 0.021510775862068964, 'rec_micro': 0.021510775862068964}
/home/azureuser/.local/lib/python3.8/site-packages/sklearn/metrics/_classification.py:1344: UndefinedMetricWarning: Precision and F-score are ill-defined and being set to 0.0 in labels with no predicted samples. Use `zero_division` parameter to control this behavior.
  _warn_prf(average, modifier, msg_start, len(result))
epoch 6 time: 3.2e+03s, train loss: 24.72, metrics: {'f1': 0.04211561222918218, 'f1_macro': 0.010755387931034482, 'prec_macro': 0.5, 'rec_macro': 0.02105780611459109, 'f1_micro': 0.021510775862068964, 'prec_micro': 0.021510775862068964, 'rec_micro': 0.021510775862068964}
/home/azureuser/.local/lib/python3.8/site-packages/sklearn/metrics/_classification.py:1344: UndefinedMetricWarning: Precision and F-score are ill-defined and being set to 0.0 in labels with no predicted samples. Use `zero_division` parameter to control this behavior.
  _warn_prf(average, modifier, msg_start, len(result))
epoch 7 time: 3.19e+03s, train loss: 24.72, metrics: {'f1': 0.04211561222918218, 'f1_macro': 0.010755387931034482, 'prec_macro': 0.5, 'rec_macro': 0.02105780611459109, 'f1_micro': 0.021510775862068964, 'prec_micro': 0.021510775862068964, 'rec_micro': 0.021510775862068964}
/home/azureuser/.local/lib/python3.8/site-packages/sklearn/metrics/_classification.py:1344: UndefinedMetricWarning: Precision and F-score are ill-defined and being set to 0.0 in labels with no predicted samples. Use `zero_division` parameter to control this behavior.
  _warn_prf(average, modifier, msg_start, len(result))
epoch 8 time: 3.17e+03s, train loss: 24.72, metrics: {'f1': 0.04211561222918218, 'f1_macro': 0.010755387931034482, 'prec_macro': 0.5, 'rec_macro': 0.02105780611459109, 'f1_micro': 0.021510775862068964, 'prec_micro': 0.021510775862068964, 'rec_micro': 0.021510775862068964}
/home/azureuser/.local/lib/python3.8/site-packages/sklearn/metrics/_classification.py:1344: UndefinedMetricWarning: Precision and F-score are ill-defined and being set to 0.0 in labels with no predicted samples. Use `zero_division` parameter to control this behavior.
  _warn_prf(average, modifier, msg_start, len(result))
epoch 9 time: 3.18e+03s, train loss: 24.72, metrics: {'f1': 0.04211561222918218, 'f1_macro': 0.010755387931034482, 'prec_macro': 0.5, 'rec_macro': 0.02105780611459109, 'f1_micro': 0.021510775862068964, 'prec_micro': 0.021510775862068964, 'rec_micro': 0.021510775862068964}
/home/azureuser/.local/lib/python3.8/site-packages/sklearn/metrics/_classification.py:1344: UndefinedMetricWarning: Precision and F-score are ill-defined and being set to 0.0 in labels with no predicted samples. Use `zero_division` parameter to control this behavior.
  _warn_prf(average, modifier, msg_start, len(result))
epoch 10 time: 3.2e+03s, train loss: 24.72, metrics: {'f1': 0.04211561222918218, 'f1_macro': 0.010755387931034482, 'prec_macro': 0.5, 'rec_macro': 0.02105780611459109, 'f1_micro': 0.021510775862068964, 'prec_micro': 0.021510775862068964, 'rec_micro': 0.021510775862068964}
/home/azureuser/.local/lib/python3.8/site-packages/sklearn/metrics/_classification.py:1344: UndefinedMetricWarning: Precision and F-score are ill-defined and being set to 0.0 in labels with no predicted samples. Use `zero_division` parameter to control this behavior.
  _warn_prf(average, modifier, msg_start, len(result))
epoch 11 time: 3.17e+03s, train loss: 24.72, metrics: {'f1': 0.04211561222918218, 'f1_macro': 0.010755387931034482, 'prec_macro': 0.5, 'rec_macro': 0.02105780611459109, 'f1_micro': 0.021510775862068964, 'prec_micro': 0.021510775862068964, 'rec_micro': 0.021510775862068964}
/home/azureuser/.local/lib/python3.8/site-packages/sklearn/metrics/_classification.py:1344: UndefinedMetricWarning: Precision and F-score are ill-defined and being set to 0.0 in labels with no predicted samples. Use `zero_division` parameter to control this behavior.
  _warn_prf(average, modifier, msg_start, len(result))
epoch 12 time: 3.17e+03s, train loss: 24.72, metrics: {'f1': 0.04211561222918218, 'f1_macro': 0.010755387931034482, 'prec_macro': 0.5, 'rec_macro': 0.02105780611459109, 'f1_micro': 0.021510775862068964, 'prec_micro': 0.021510775862068964, 'rec_micro': 0.021510775862068964}
/home/azureuser/.local/lib/python3.8/site-packages/sklearn/metrics/_classification.py:1344: UndefinedMetricWarning: Precision and F-score are ill-defined and being set to 0.0 in labels with no predicted samples. Use `zero_division` parameter to control this behavior.
  _warn_prf(average, modifier, msg_start, len(result))
epoch 13 time: 3.2e+03s, train loss: 24.72, metrics: {'f1': 0.04211561222918218, 'f1_macro': 0.010755387931034482, 'prec_macro': 0.5, 'rec_macro': 0.02105780611459109, 'f1_micro': 0.021510775862068964, 'prec_micro': 0.021510775862068964, 'rec_micro': 0.021510775862068964}
/home/azureuser/.local/lib/python3.8/site-packages/sklearn/metrics/_classification.py:1344: UndefinedMetricWarning: Precision and F-score are ill-defined and being set to 0.0 in labels with no predicted samples. Use `zero_division` parameter to control this behavior.
  _warn_prf(average, modifier, msg_start, len(result))
epoch 14 time: 3.22e+03s, train loss: 24.72, metrics: {'f1': 0.04211561222918218, 'f1_macro': 0.010755387931034482, 'prec_macro': 0.5, 'rec_macro': 0.02105780611459109, 'f1_micro': 0.021510775862068964, 'prec_micro': 0.021510775862068964, 'rec_micro': 0.021510775862068964}
/home/azureuser/.local/lib/python3.8/site-packages/sklearn/metrics/_classification.py:1344: UndefinedMetricWarning: Precision and F-score are ill-defined and being set to 0.0 in labels with no predicted samples. Use `zero_division` parameter to control this behavior.
  _warn_prf(average, modifier, msg_start, len(result))
epoch 15 time: 3.22e+03s, train loss: 24.72, metrics: {'f1': 0.04211561222918218, 'f1_macro': 0.010755387931034482, 'prec_macro': 0.5, 'rec_macro': 0.02105780611459109, 'f1_micro': 0.021510775862068964, 'prec_micro': 0.021510775862068964, 'rec_micro': 0.021510775862068964}
/home/azureuser/.local/lib/python3.8/site-packages/sklearn/metrics/_classification.py:1344: UndefinedMetricWarning: Precision and F-score are ill-defined and being set to 0.0 in labels with no predicted samples. Use `zero_division` parameter to control this behavior.
  _warn_prf(average, modifier, msg_start, len(result))
epoch 16 time: 3.23e+03s, train loss: 24.72, metrics: {'f1': 0.04211561222918218, 'f1_macro': 0.010755387931034482, 'prec_macro': 0.5, 'rec_macro': 0.02105780611459109, 'f1_micro': 0.021510775862068964, 'prec_micro': 0.021510775862068964, 'rec_micro': 0.021510775862068964}
/home/azureuser/.local/lib/python3.8/site-packages/sklearn/metrics/_classification.py:1344: UndefinedMetricWarning: Precision and F-score are ill-defined and being set to 0.0 in labels with no predicted samples. Use `zero_division` parameter to control this behavior.
  _warn_prf(average, modifier, msg_start, len(result))
epoch 17 time: 3.24e+03s, train loss: 24.72, metrics: {'f1': 0.04211561222918218, 'f1_macro': 0.010755387931034482, 'prec_macro': 0.5, 'rec_macro': 0.02105780611459109, 'f1_micro': 0.021510775862068964, 'prec_micro': 0.021510775862068964, 'rec_micro': 0.021510775862068964}
/home/azureuser/.local/lib/python3.8/site-packages/sklearn/metrics/_classification.py:1344: UndefinedMetricWarning: Precision and F-score are ill-defined and being set to 0.0 in labels with no predicted samples. Use `zero_division` parameter to control this behavior.
  _warn_prf(average, modifier, msg_start, len(result))
epoch 18 time: 3.22e+03s, train loss: 24.72, metrics: {'f1': 0.04211561222918218, 'f1_macro': 0.010755387931034482, 'prec_macro': 0.5, 'rec_macro': 0.02105780611459109, 'f1_micro': 0.021510775862068964, 'prec_micro': 0.021510775862068964, 'rec_micro': 0.021510775862068964}
/home/azureuser/.local/lib/python3.8/site-packages/sklearn/metrics/_classification.py:1344: UndefinedMetricWarning: Precision and F-score are ill-defined and being set to 0.0 in labels with no predicted samples. Use `zero_division` parameter to control this behavior.
  _warn_prf(average, modifier, msg_start, len(result))
epoch 19 time: 3.27e+03s, train loss: 24.72, metrics: {'f1': 0.04211561222918218, 'f1_macro': 0.010755387931034482, 'prec_macro': 0.5, 'rec_macro': 0.02105780611459109, 'f1_micro': 0.021510775862068964, 'prec_micro': 0.021510775862068964, 'rec_micro': 0.021510775862068964}
/home/azureuser/.local/lib/python3.8/site-packages/sklearn/metrics/_classification.py:1344: UndefinedMetricWarning: Precision and F-score are ill-defined and being set to 0.0 in labels with no predicted samples. Use `zero_division` parameter to control this behavior.
  _warn_prf(average, modifier, msg_start, len(result))
epoch 20 time: 3.23e+03s, train loss: 24.72, metrics: {'f1': 0.04211561222918218, 'f1_macro': 0.010755387931034482, 'prec_macro': 0.5, 'rec_macro': 0.02105780611459109, 'f1_micro': 0.021510775862068964, 'prec_micro': 0.021510775862068964, 'rec_micro': 0.021510775862068964}
