reading data...
done.
creating training artifacts...
Using cached encoded data file: train_1_error.pkl
Using cached encoded data file: test_1_error.pkl
done.
training lstm model...
run 1 start -- seed=0
/home/azureuser/.local/lib/python3.8/site-packages/sklearn/metrics/_classification.py:1344: UndefinedMetricWarning: Precision and F-score are ill-defined and being set to 0.0 in labels with no predicted samples. Use `zero_division` parameter to control this behavior.
  _warn_prf(average, modifier, msg_start, len(result))
epoch 1 time: 5.65e+02s, train loss: 4.942, metrics: {'f1': 0.008583690987124462, 'f1_macro': 0.0021551724137931034, 'prec_macro': 0.5, 'rec_macro': 0.004291845493562231, 'f1_micro': 0.004310344827586207, 'prec_micro': 0.004310344827586207, 'rec_micro': 0.004310344827586207}
epoch 2 time: 5.57e+02s, train loss: 4.706, metrics: {'f1': 0.031777001255407444, 'f1_macro': 0.5080542983013199, 'prec_macro': 0.865719696969697, 'rec_macro': 0.44048756830515445, 'f1_micro': 0.7390409482758621, 'prec_micro': 0.7390409482758621, 'rec_micro': 0.7390409482758621}
epoch 3 time: 5.56e+02s, train loss: 4.508, metrics: {'f1': 0.03296415948984842, 'f1_macro': 0.508316255471507, 'prec_macro': 0.8644751082251082, 'rec_macro': 0.44566521341519544, 'f1_micro': 0.7529202586206897, 'prec_micro': 0.7529202586206897, 'rec_micro': 0.7529202586206897}
epoch 4 time: 5.55e+02s, train loss: 4.522, metrics: {'f1': 0.030951318601319774, 'f1_macro': 0.5078268990808763, 'prec_macro': 0.860297619047619, 'rec_macro': 0.4381280521124152, 'f1_micro': 0.7332004310344827, 'prec_micro': 0.7332004310344827, 'rec_micro': 0.7332004310344826}
epoch 5 time: 5.57e+02s, train loss: 4.529, metrics: {'f1': 0.033236626456965436, 'f1_macro': 0.5083936757367348, 'prec_macro': 0.86645670995671, 'rec_macro': 0.4462804118363398, 'f1_micro': 0.7543879310344828, 'prec_micro': 0.7543879310344828, 'rec_micro': 0.7543879310344828}
epoch 6 time: 5.57e+02s, train loss: 4.501, metrics: {'f1': 0.031215231528637467, 'f1_macro': 0.5079162212860047, 'prec_macro': 0.8641926406926407, 'rec_macro': 0.43836459066342787, 'f1_micro': 0.7335215517241379, 'prec_micro': 0.7335215517241379, 'rec_micro': 0.7335215517241379}
epoch 7 time: 5.58e+02s, train loss: 4.5, metrics: {'f1': 0.03266853172096381, 'f1_macro': 0.5082902983144544, 'prec_macro': 0.8701525974025974, 'rec_macro': 0.4431996153355529, 'f1_micro': 0.745885775862069, 'prec_micro': 0.745885775862069, 'rec_micro': 0.745885775862069}
epoch 8 time: 5.58e+02s, train loss: 4.494, metrics: {'f1': 0.0336550274951068, 'f1_macro': 0.5085386792340549, 'prec_macro': 0.8730854978354978, 'rec_macro': 0.44642507121509273, 'f1_micro': 0.7542047413793104, 'prec_micro': 0.7542047413793104, 'rec_micro': 0.7542047413793104}
epoch 9 time: 5.58e+02s, train loss: 4.497, metrics: {'f1': 0.03369671261930011, 'f1_macro': 0.5085494715680977, 'prec_macro': 0.8732435064935065, 'rec_macro': 0.4465487111931557, 'f1_micro': 0.7545193965517242, 'prec_micro': 0.7545193965517242, 'rec_micro': 0.7545193965517242}
epoch 10 time: 5.56e+02s, train loss: 4.493, metrics: {'f1': 0.03331881533101045, 'f1_macro': 0.508455748394514, 'prec_macro': 0.8723549783549784, 'rec_macro': 0.4452935542482746, 'f1_micro': 0.7512629310344827, 'prec_micro': 0.7512629310344827, 'rec_micro': 0.7512629310344828}
epoch 11 time: 5.55e+02s, train loss: 4.49, metrics: {'f1': 0.03301468332600963, 'f1_macro': 0.5083798117191232, 'prec_macro': 0.8715357142857143, 'rec_macro': 0.4442798968317157, 'f1_micro': 0.7486400862068966, 'prec_micro': 0.7486400862068966, 'rec_micro': 0.7486400862068966}
epoch 12 time: 5.55e+02s, train loss: 4.491, metrics: {'f1': 0.03280011861419087, 'f1_macro': 0.5083243225889168, 'prec_macro': 0.8706818181818182, 'rec_macro': 0.44361287163740126, 'f1_micro': 0.7469396551724138, 'prec_micro': 0.7469396551724138, 'rec_micro': 0.7469396551724139}
epoch 13 time: 5.55e+02s, train loss: 4.49, metrics: {'f1': 0.033030292975878436, 'f1_macro': 0.5083838490246008, 'prec_macro': 0.8715974025974027, 'rec_macro': 0.44432809698357734, 'f1_micro': 0.7487629310344828, 'prec_micro': 0.7487629310344828, 'rec_micro': 0.7487629310344828}
epoch 14 time: 5.55e+02s, train loss: 4.489, metrics: {'f1': 0.033225696095855545, 'f1_macro': 0.5084343936227064, 'prec_macro': 0.8723647186147186, 'rec_macro': 0.4449277834623852, 'f1_micro': 0.7502909482758621, 'prec_micro': 0.7502909482758621, 'rec_micro': 0.7502909482758621}
epoch 15 time: 5.55e+02s, train loss: 4.487, metrics: {'f1': 0.03361017937257619, 'f1_macro': 0.5085311509917984, 'prec_macro': 0.8734751082251082, 'rec_macro': 0.44616963677679583, 'f1_micro': 0.7534935344827586, 'prec_micro': 0.7534935344827586, 'rec_micro': 0.7534935344827586}
epoch 16 time: 5.55e+02s, train loss: 4.487, metrics: {'f1': 0.03367265705719948, 'f1_macro': 0.5085459622537825, 'prec_macro': 0.873525974025974, 'rec_macro': 0.44639621207294106, 'f1_micro': 0.7540905172413793, 'prec_micro': 0.7540905172413793, 'rec_micro': 0.7540905172413793}
epoch 17 time: 5.56e+02s, train loss: 4.487, metrics: {'f1': 0.033724613378051056, 'f1_macro': 0.5085634915990366, 'prec_macro': 0.8742835497835498, 'rec_macro': 0.446428711521072, 'f1_micro': 0.7541120689655172, 'prec_micro': 0.7541120689655172, 'rec_micro': 0.7541120689655172}
epoch 18 time: 5.55e+02s, train loss: 4.486, metrics: {'f1': 0.03380620260021668, 'f1_macro': 0.5085927742463769, 'prec_macro': 0.8757142857142857, 'rec_macro': 0.44642760936080056, 'f1_micro': 0.7539870689655173, 'prec_micro': 0.7539870689655173, 'rec_micro': 0.7539870689655173}
epoch 19 time: 5.56e+02s, train loss: 4.486, metrics: {'f1': 0.03377589852008457, 'f1_macro': 0.5085849338682622, 'prec_macro': 0.8755995670995671, 'rec_macro': 0.4463377794545468, 'f1_micro': 0.7537586206896552, 'prec_micro': 0.7537586206896552, 'rec_micro': 0.7537586206896552}
epoch 20 time: 5.55e+02s, train loss: 4.485, metrics: {'f1': 0.03370151293972711, 'f1_macro': 0.508565689582097, 'prec_macro': 0.8753170995670996, 'rec_macro': 0.44611662666698787, 'f1_micro': 0.7531961206896551, 'prec_micro': 0.7531961206896551, 'rec_micro': 0.7531961206896551}
epoch 21 time: 5.56e+02s, train loss: 4.486, metrics: {'f1': 0.033645584122384345, 'f1_macro': 0.5085512211908297, 'prec_macro': 0.8751038961038962, 'rec_macro': 0.44594973264629617, 'f1_micro': 0.7527715517241379, 'prec_micro': 0.7527715517241379, 'rec_micro': 0.7527715517241378}
epoch 22 time: 5.56e+02s, train loss: 4.486, metrics: {'f1': 0.033671454370537895, 'f1_macro': 0.5085551845500845, 'prec_macro': 0.8748290043290043, 'rec_macro': 0.4461082922931995, 'f1_micro': 0.7532155172413794, 'prec_micro': 0.7532155172413794, 'rec_micro': 0.7532155172413793}
epoch 23 time: 5.57e+02s, train loss: 4.486, metrics: {'f1': 0.03376113236937456, 'f1_macro': 0.5085770260601133, 'prec_macro': 0.874982683982684, 'rec_macro': 0.4464154579458951, 'f1_micro': 0.7540172413793104, 'prec_micro': 0.7540172413793104, 'rec_micro': 0.7540172413793104}
epoch 24 time: 5.56e+02s, train loss: 4.486, metrics: {'f1': 0.033773140698836406, 'f1_macro': 0.5085801335026027, 'prec_macro': 0.8750281385281385, 'rec_macro': 0.44645104477769365, 'f1_micro': 0.7541077586206897, 'prec_micro': 0.7541077586206897, 'rec_micro': 0.7541077586206897}
epoch 25 time: 5.55e+02s, train loss: 4.485, metrics: {'f1': 0.0337670699061367, 'f1_macro': 0.5085772012617663, 'prec_macro': 0.8748181818181818, 'rec_macro': 0.44647353737295287, 'f1_micro': 0.7541853448275863, 'prec_micro': 0.7541853448275863, 'rec_micro': 0.7541853448275861}
epoch 26 time: 5.56e+02s, train loss: 4.484, metrics: {'f1': 0.03377228267773214, 'f1_macro': 0.5085799114678883, 'prec_macro': 0.8750248917748917, 'rec_macro': 0.4464485028212439, 'f1_micro': 0.7541012931034483, 'prec_micro': 0.7541012931034483, 'rec_micro': 0.7541012931034483}
epoch 27 time: 5.55e+02s, train loss: 4.484, metrics: {'f1': 0.033762561484604506, 'f1_macro': 0.5085773958759205, 'prec_macro': 0.8749880952380953, 'rec_macro': 0.4464196944104832, 'f1_micro': 0.7540280172413794, 'prec_micro': 0.7540280172413794, 'rec_micro': 0.7540280172413794}
epoch 28 time: 5.55e+02s, train loss: 4.484, metrics: {'f1': 0.03376570596403292, 'f1_macro': 0.5085782095827619, 'prec_macro': 0.875, 'rec_macro': 0.4464290146924668, 'f1_micro': 0.7540517241379311, 'prec_micro': 0.7540517241379311, 'rec_micro': 0.7540517241379311}
epoch 29 time: 5.55e+02s, train loss: 4.484, metrics: {'f1': 0.03380329395825395, 'f1_macro': 0.5085906594182799, 'prec_macro': 0.8755162337662338, 'rec_macro': 0.44645943462088744, 'f1_micro': 0.7540883620689656, 'prec_micro': 0.7540883620689656, 'rec_micro': 0.7540883620689657}
epoch 30 time: 5.56e+02s, train loss: 4.484, metrics: {'f1': 0.03379150893061308, 'f1_macro': 0.5085862481710894, 'prec_macro': 0.8752846320346321, 'rec_macro': 0.44646498512056637, 'f1_micro': 0.7541228448275862, 'prec_micro': 0.7541228448275862, 'rec_micro': 0.7541228448275862}
epoch 31 time: 5.56e+02s, train loss: 4.483, metrics: {'f1': 0.033805824091097794, 'f1_macro': 0.5085899524078525, 'prec_macro': 0.8753387445887446, 'rec_macro': 0.4465073556504592, 'f1_micro': 0.7542306034482759, 'prec_micro': 0.7542306034482759, 'rec_micro': 0.7542306034482759}
epoch 32 time: 5.55e+02s, train loss: 4.483, metrics: {'f1': 0.03381843146894044, 'f1_macro': 0.5085932147771135, 'prec_macro': 0.8753863636363637, 'rec_macro': 0.4465446431390803, 'f1_micro': 0.7543254310344828, 'prec_micro': 0.7543254310344828, 'rec_micro': 0.7543254310344828}
epoch 33 time: 5.56e+02s, train loss: 4.483, metrics: {'f1': 0.033828753592715366, 'f1_macro': 0.5085958858293202, 'prec_macro': 0.8754253246753247, 'rec_macro': 0.4465751520789627, 'f1_micro': 0.7544030172413793, 'prec_micro': 0.7544030172413793, 'rec_micro': 0.7544030172413791}
epoch 34 time: 5.57e+02s, train loss: 4.483, metrics: {'f1': 0.03384080403714856, 'f1_macro': 0.508599004153229, 'prec_macro': 0.8754707792207792, 'rec_macro': 0.44661074697811604, 'f1_micro': 0.7544935344827586, 'prec_micro': 0.7544935344827586, 'rec_micro': 0.7544935344827586}
epoch 35 time: 5.56e+02s, train loss: 4.483, metrics: {'f1': 0.03383879503358436, 'f1_macro': 0.5085984842757044, 'prec_macro': 0.8754632034632035, 'rec_macro': 0.4466048144097717, 'f1_micro': 0.7544784482758621, 'prec_micro': 0.7544784482758621, 'rec_micro': 0.7544784482758621}
epoch 36 time: 5.56e+02s, train loss: 4.483, metrics: {'f1': 0.03382907503919325, 'f1_macro': 0.5085973302445463, 'prec_macro': 0.8756136363636364, 'rec_macro': 0.4465357080206491, 'f1_micro': 0.754282327586207, 'prec_micro': 0.754282327586207, 'rec_micro': 0.754282327586207}
epoch 37 time: 5.56e+02s, train loss: 4.484, metrics: {'f1': 0.033710806542868975, 'f1_macro': 0.5085667298184567, 'prec_macro': 0.8751655844155843, 'rec_macro': 0.44618489593492333, 'f1_micro': 0.7533900862068965, 'prec_micro': 0.7533900862068965, 'rec_micro': 0.7533900862068965}
epoch 38 time: 5.56e+02s, train loss: 4.489, metrics: {'f1': 0.03325210216828991, 'f1_macro': 0.5084522005525464, 'prec_macro': 0.8739556277056277, 'rec_macro': 0.44467770459313954, 'f1_micro': 0.7494935344827586, 'prec_micro': 0.7494935344827586, 'rec_micro': 0.7494935344827585}
epoch 39 time: 5.56e+02s, train loss: 4.587, metrics: {'f1': 0.033556538218572324, 'f1_macro': 0.5085213581697072, 'prec_macro': 0.8738300865800865, 'rec_macro': 0.44588703930483153, 'f1_micro': 0.7527133620689656, 'prec_micro': 0.7527133620689656, 'rec_micro': 0.7527133620689656}
epoch 40 time: 5.59e+02s, train loss: 4.488, metrics: {'f1': 0.03373218790482035, 'f1_macro': 0.5085491664508202, 'prec_macro': 0.8720692640692641, 'rec_macro': 0.446936998790913, 'f1_micro': 0.7556508620689655, 'prec_micro': 0.7556508620689655, 'rec_micro': 0.7556508620689655}
epoch 41 time: 5.59e+02s, train loss: 4.487, metrics: {'f1': 0.03378798592593223, 'f1_macro': 0.5085690364345268, 'prec_macro': 0.8730270562770563, 'rec_macro': 0.44693959997290045, 'f1_micro': 0.7555754310344828, 'prec_micro': 0.7555754310344828, 'rec_micro': 0.7555754310344828}
epoch 42 time: 5.59e+02s, train loss: 4.487, metrics: {'f1': 0.03375167435947751, 'f1_macro': 0.5085528612772868, 'prec_macro': 0.8719556277056277, 'rec_macro': 0.4470347807299261, 'f1_micro': 0.7559202586206897, 'prec_micro': 0.7559202586206897, 'rec_micro': 0.7559202586206897}
epoch 43 time: 5.58e+02s, train loss: 4.49, metrics: {'f1': 0.033725141802774555, 'f1_macro': 0.5085405788282965, 'prec_macro': 0.8711082251082252, 'rec_macro': 0.4471184727234793, 'f1_micro': 0.7562155172413794, 'prec_micro': 0.7562155172413794, 'rec_micro': 0.7562155172413795}
epoch 44 time: 5.58e+02s, train loss: 4.491, metrics: {'f1': 0.03366066091708649, 'f1_macro': 0.5085198156978624, 'prec_macro': 0.8703051948051947, 'rec_macro': 0.4470502123167484, 'f1_micro': 0.7561034482758621, 'prec_micro': 0.7561034482758621, 'rec_micro': 0.7561034482758621}
epoch 45 time: 5.58e+02s, train loss: 4.491, metrics: {'f1': 0.03365011719582357, 'f1_macro': 0.5085211378475615, 'prec_macro': 0.8708257575757576, 'rec_macro': 0.44689752907004926, 'f1_micro': 0.7556530172413793, 'prec_micro': 0.7556530172413793, 'rec_micro': 0.7556530172413793}
epoch 46 time: 5.58e+02s, train loss: 4.489, metrics: {'f1': 0.03367152014263276, 'f1_macro': 0.5085388751933252, 'prec_macro': 0.8725876623376624, 'rec_macro': 0.44659576204610085, 'f1_micro': 0.7547004310344828, 'prec_micro': 0.7547004310344828, 'rec_micro': 0.7547004310344828}
epoch 47 time: 5.58e+02s, train loss: 4.487, metrics: {'f1': 0.03365677192507945, 'f1_macro': 0.5085459334880537, 'prec_macro': 0.874025974025974, 'rec_macro': 0.44622711732573145, 'f1_micro': 0.7535991379310345, 'prec_micro': 0.7535991379310345, 'rec_micro': 0.7535991379310345}
epoch 48 time: 5.58e+02s, train loss: 4.486, metrics: {'f1': 0.033518049797764904, 'f1_macro': 0.5085127646016152, 'prec_macro': 0.8738690476190476, 'rec_macro': 0.44573073223524895, 'f1_micro': 0.7522952586206897, 'prec_micro': 0.7522952586206897, 'rec_micro': 0.7522952586206897}
epoch 49 time: 5.58e+02s, train loss: 4.51, metrics: {'f1': 0.016944404356647454, 'f1_macro': 0.5042636896799984, 'prec_macro': 0.7483528138528138, 'rec_macro': 0.3412278397666751, 'f1_micro': 0.5008577586206897, 'prec_micro': 0.5008577586206897, 'rec_micro': 0.5008577586206897}
