reading data...
done.
creating training artifacts...
Using cached encoded data file: train_5_error.pkl
Using cached encoded data file: test_5_error.pkl
done.
training lstm model...
run 1 start -- seed=0
/home/azureuser/.local/lib/python3.8/site-packages/sklearn/metrics/_classification.py:1344: UndefinedMetricWarning: Precision and F-score are ill-defined and being set to 0.0 in labels with no predicted samples. Use `zero_division` parameter to control this behavior.
  _warn_prf(average, modifier, msg_start, len(result))
epoch 1 time: 5.65e+02s, train loss: 24.69, metrics: {'f1': 0.04211561222918218, 'f1_macro': 0.010755387931034482, 'prec_macro': 0.5, 'rec_macro': 0.02105780611459109, 'f1_micro': 0.021510775862068964, 'prec_micro': 0.021510775862068964, 'rec_micro': 0.021510775862068964}
epoch 2 time: 5.6e+02s, train loss: 23.51, metrics: {'f1': 0.14508270852174926, 'f1_macro': 0.5390664135926463, 'prec_macro': 0.8691981046235948, 'rec_macro': 0.49843768397466615, 'f1_micro': 0.7473793103448276, 'prec_micro': 0.7473793103448276, 'rec_micro': 0.7473793103448276}
epoch 3 time: 5.6e+02s, train loss: 22.55, metrics: {'f1': 0.14949762073834652, 'f1_macro': 0.539518384751912, 'prec_macro': 0.8449240078078047, 'rec_macro': 0.5100665017419272, 'f1_micro': 0.7754288793103449, 'prec_micro': 0.7754288793103449, 'rec_micro': 0.7754288793103448}
epoch 4 time: 5.6e+02s, train loss: 22.63, metrics: {'f1': 0.13644948388470335, 'f1_macro': 0.5365512067047984, 'prec_macro': 0.8592240066961134, 'rec_macro': 0.4878693451021448, 'f1_micro': 0.729010775862069, 'prec_micro': 0.729010775862069, 'rec_micro': 0.729010775862069}
epoch 5 time: 5.6e+02s, train loss: 22.52, metrics: {'f1': 0.15329401117248698, 'f1_macro': 0.5413328441184436, 'prec_macro': 0.8727931347937096, 'rec_macro': 0.5088049195377431, 'f1_micro': 0.7661120689655172, 'prec_micro': 0.7661120689655172, 'rec_micro': 0.7661120689655172}
epoch 6 time: 5.6e+02s, train loss: 22.51, metrics: {'f1': 0.15253743249877272, 'f1_macro': 0.5412406923434927, 'prec_macro': 0.8764671121062457, 'rec_macro': 0.5070124677538395, 'f1_micro': 0.7618922413793103, 'prec_micro': 0.7618922413793103, 'rec_micro': 0.7618922413793103}
epoch 7 time: 5.64e+02s, train loss: 22.46, metrics: {'f1': 0.14826785022787525, 'f1_macro': 0.5400050119378281, 'prec_macro': 0.8727688747349842, 'rec_macro': 0.5020842247173223, 'f1_micro': 0.7535043103448276, 'prec_micro': 0.7535043103448276, 'rec_micro': 0.7535043103448276}
epoch 8 time: 5.6e+02s, train loss: 22.47, metrics: {'f1': 0.1476312999117623, 'f1_macro': 0.5398192908596247, 'prec_macro': 0.8721312362220586, 'rec_macro': 0.5013483460726933, 'f1_micro': 0.7522564655172413, 'prec_micro': 0.7522564655172413, 'rec_micro': 0.7522564655172413}
epoch 9 time: 5.6e+02s, train loss: 22.46, metrics: {'f1': 0.15093967719681292, 'f1_macro': 0.5407859389183538, 'prec_macro': 0.875386606592021, 'rec_macro': 0.5051281825356098, 'f1_micro': 0.7586271551724137, 'prec_micro': 0.7586271551724137, 'rec_micro': 0.7586271551724137}
epoch 10 time: 5.6e+02s, train loss: 22.44, metrics: {'f1': 0.1537012445569933, 'f1_macro': 0.5415943623334382, 'prec_macro': 0.8779597496457006, 'rec_macro': 0.5082098616294602, 'f1_micro': 0.7637586206896552, 'prec_micro': 0.7637586206896552, 'rec_micro': 0.7637586206896552}
epoch 11 time: 5.6e+02s, train loss: 22.45, metrics: {'f1': 0.1540965059783493, 'f1_macro': 0.5416983684882798, 'prec_macro': 0.8779196944871593, 'rec_macro': 0.5087317980376195, 'f1_micro': 0.7647349137931034, 'prec_micro': 0.7647349137931034, 'rec_micro': 0.7647349137931034}
epoch 12 time: 5.6e+02s, train loss: 22.45, metrics: {'f1': 0.15413327138266159, 'f1_macro': 0.5417190345422096, 'prec_macro': 0.8782857529014612, 'rec_macro': 0.5087002659041953, 'f1_micro': 0.7645883620689655, 'prec_micro': 0.7645883620689655, 'rec_micro': 0.7645883620689654}
epoch 13 time: 5.6e+02s, train loss: 22.43, metrics: {'f1': 0.15307452796907833, 'f1_macro': 0.5414392529936771, 'prec_macro': 0.8783327478279292, 'rec_macro': 0.5073088479495544, 'f1_micro': 0.7619956896551724, 'prec_micro': 0.7619956896551724, 'rec_micro': 0.7619956896551724}
epoch 14 time: 5.6e+02s, train loss: 22.44, metrics: {'f1': 0.15394493567577186, 'f1_macro': 0.5416615221191614, 'prec_macro': 0.8780379916231382, 'rec_macro': 0.5085096648736914, 'f1_micro': 0.7642952586206897, 'prec_micro': 0.7642952586206897, 'rec_micro': 0.7642952586206897}
epoch 15 time: 5.6e+02s, train loss: 22.43, metrics: {'f1': 0.15371761447591342, 'f1_macro': 0.5415782881016803, 'prec_macro': 0.8772744498800141, 'rec_macro': 0.5083800714338059, 'f1_micro': 0.764239224137931, 'prec_micro': 0.764239224137931, 'rec_micro': 0.764239224137931}
epoch 16 time: 5.6e+02s, train loss: 22.43, metrics: {'f1': 0.1530343414423714, 'f1_macro': 0.5413754442839035, 'prec_macro': 0.8765652541683306, 'rec_macro': 0.5076434996720819, 'f1_micro': 0.7630431034482759, 'prec_micro': 0.7630431034482759, 'rec_micro': 0.7630431034482759}
epoch 17 time: 5.6e+02s, train loss: 22.43, metrics: {'f1': 0.15232691865368397, 'f1_macro': 0.5411689669376498, 'prec_macro': 0.8759380649183464, 'rec_macro': 0.5068516747812848, 'f1_micro': 0.7617198275862069, 'prec_micro': 0.7617198275862069, 'rec_micro': 0.7617198275862068}
epoch 18 time: 5.6e+02s, train loss: 22.43, metrics: {'f1': 0.15216343025970347, 'f1_macro': 0.5411276812248399, 'prec_macro': 0.8760040643224871, 'rec_macro': 0.5066210886303553, 'f1_micro': 0.7612737068965517, 'prec_micro': 0.7612737068965517, 'rec_micro': 0.7612737068965517}
epoch 19 time: 5.6e+02s, train loss: 22.43, metrics: {'f1': 0.15238781265326137, 'f1_macro': 0.5411968109209384, 'prec_macro': 0.8763261488425937, 'rec_macro': 0.5068462917692115, 'f1_micro': 0.7616163793103449, 'prec_micro': 0.7616163793103449, 'rec_micro': 0.7616163793103449}
epoch 20 time: 5.61e+02s, train loss: 22.43, metrics: {'f1': 0.1531233497965396, 'f1_macro': 0.5413205469281797, 'prec_macro': 0.873924245467272, 'rec_macro': 0.508337088172079, 'f1_micro': 0.7649698275862069, 'prec_micro': 0.7649698275862069, 'rec_micro': 0.7649698275862069}
epoch 21 time: 5.6e+02s, train loss: 22.43, metrics: {'f1': 0.15405817635627403, 'f1_macro': 0.5416936855058386, 'prec_macro': 0.8781057329205038, 'rec_macro': 0.50864188722075, 'f1_micro': 0.7645237068965517, 'prec_micro': 0.7645237068965517, 'rec_micro': 0.7645237068965517}
epoch 22 time: 5.61e+02s, train loss: 22.42, metrics: {'f1': 0.154085615165407, 'f1_macro': 0.5417017455179379, 'prec_macro': 0.8781310622569412, 'rec_macro': 0.5086719709947486, 'f1_micro': 0.7645732758620689, 'prec_micro': 0.7645732758620689, 'rec_micro': 0.764573275862069}
epoch 23 time: 5.6e+02s, train loss: 22.42, metrics: {'f1': 0.15414622064673922, 'f1_macro': 0.5417294219923485, 'prec_macro': 0.8785191461811886, 'rec_macro': 0.5086665795108238, 'f1_micro': 0.7644698275862069, 'prec_micro': 0.7644698275862069, 'rec_micro': 0.7644698275862069}
epoch 24 time: 5.6e+02s, train loss: 22.42, metrics: {'f1': 0.15416041224988783, 'f1_macro': 0.5417379823676813, 'prec_macro': 0.8786798809866609, 'rec_macro': 0.5086502185692637, 'f1_micro': 0.7644008620689655, 'prec_micro': 0.7644008620689655, 'rec_micro': 0.7644008620689655}
epoch 25 time: 5.6e+02s, train loss: 22.41, metrics: {'f1': 0.15419725675560678, 'f1_macro': 0.5417531965572577, 'prec_macro': 0.8788615400265816, 'rec_macro': 0.5086587038469502, 'f1_micro': 0.7643728448275862, 'prec_micro': 0.7643728448275862, 'rec_micro': 0.7643728448275862}
epoch 26 time: 5.61e+02s, train loss: 22.41, metrics: {'f1': 0.15422446991138125, 'f1_macro': 0.5417677829044882, 'prec_macro': 0.8791081486122764, 'rec_macro': 0.5086406780657143, 'f1_micro': 0.7642801724137931, 'prec_micro': 0.7642801724137931, 'rec_micro': 0.7642801724137931}
epoch 27 time: 5.6e+02s, train loss: 22.41, metrics: {'f1': 0.15417678071707974, 'f1_macro': 0.5417537817612866, 'prec_macro': 0.8790640975923851, 'rec_macro': 0.5085883615596538, 'f1_micro': 0.7641939655172414, 'prec_micro': 0.7641939655172414, 'rec_micro': 0.7641939655172415}
epoch 28 time: 5.6e+02s, train loss: 22.41, metrics: {'f1': 0.15427099528925808, 'f1_macro': 0.5417814430576597, 'prec_macro': 0.8791510983566704, 'rec_macro': 0.5086916981201393, 'f1_micro': 0.764364224137931, 'prec_micro': 0.764364224137931, 'rec_micro': 0.7643642241379311}
epoch 29 time: 5.6e+02s, train loss: 22.41, metrics: {'f1': 0.15431520788677464, 'f1_macro': 0.5417933258830258, 'prec_macro': 0.8791549656751936, 'rec_macro': 0.5087481348965641, 'f1_micro': 0.7644676724137931, 'prec_micro': 0.7644676724137931, 'rec_micro': 0.7644676724137931}
epoch 30 time: 5.6e+02s, train loss: 22.41, metrics: {'f1': 0.15433665572958583, 'f1_macro': 0.5418007225602072, 'prec_macro': 0.8792116685090208, 'rec_macro': 0.5087636687363264, 'f1_micro': 0.7644827586206897, 'prec_micro': 0.7644827586206897, 'rec_micro': 0.7644827586206896}
epoch 31 time: 5.6e+02s, train loss: 22.41, metrics: {'f1': 0.15433546140452697, 'f1_macro': 0.5418003718650788, 'prec_macro': 0.8792105672335235, 'rec_macro': 0.5087623599783425, 'f1_micro': 0.7644806034482758, 'prec_micro': 0.7644806034482758, 'rec_micro': 0.7644806034482758}
epoch 32 time: 5.61e+02s, train loss: 22.41, metrics: {'f1': 0.15433426709795242, 'f1_macro': 0.5418000211758316, 'prec_macro': 0.8792094659580263, 'rec_macro': 0.508761051227819, 'f1_micro': 0.7644784482758621, 'prec_micro': 0.7644784482758621, 'rec_micro': 0.7644784482758621}
epoch 33 time: 5.6e+02s, train loss: 22.41, metrics: {'f1': 0.1543294900564884, 'f1_macro': 0.5417986184776503, 'prec_macro': 0.8792050608560371, 'rec_macro': 0.508755816300325, 'f1_micro': 0.7644698275862069, 'prec_micro': 0.7644698275862069, 'rec_micro': 0.7644698275862069}
epoch 34 time: 5.6e+02s, train loss: 22.41, metrics: {'f1': 0.15433187854025446, 'f1_macro': 0.5417993198149796, 'prec_macro': 0.8792072634070317, 'rec_macro': 0.5087584337491525, 'f1_micro': 0.7644741379310345, 'prec_micro': 0.7644741379310345, 'rec_micro': 0.7644741379310345}
epoch 35 time: 5.6e+02s, train loss: 22.41, metrics: {'f1': 0.15433068428913013, 'f1_macro': 0.5417989691433748, 'prec_macro': 0.8792061621315344, 'rec_macro': 0.5087571250210091, 'f1_micro': 0.7644719827586207, 'prec_micro': 0.7644719827586207, 'rec_micro': 0.7644719827586207}
epoch 36 time: 5.6e+02s, train loss: 22.41, metrics: {'f1': 0.15432351917050335, 'f1_macro': 0.54179686523723, 'prec_macro': 0.8791995544785507, 'rec_macro': 0.5087492728087906, 'f1_micro': 0.764459051724138, 'prec_micro': 0.764459051724138, 'rec_micro': 0.764459051724138}
epoch 37 time: 5.6e+02s, train loss: 22.41, metrics: {'f1': 0.1543175487465181, 'f1_macro': 0.5417951121437996, 'prec_macro': 0.8791940481010643, 'rec_macro': 0.5087427295037112, 'f1_micro': 0.764448275862069, 'prec_micro': 0.764448275862069, 'rec_micro': 0.764448275862069}
epoch 38 time: 5.6e+02s, train loss: 22.41, metrics: {'f1': 0.1543044154397258, 'f1_macro': 0.5417912558555655, 'prec_macro': 0.8791819340705942, 'rec_macro': 0.5087283348887232, 'f1_micro': 0.7644245689655172, 'prec_micro': 0.7644245689655172, 'rec_micro': 0.7644245689655172}
epoch 39 time: 5.61e+02s, train loss: 22.41, metrics: {'f1': 0.15430919092899642, 'f1_macro': 0.5417926580599046, 'prec_macro': 0.8791863391725834, 'rec_macro': 0.5087335691897925, 'f1_micro': 0.7644331896551724, 'prec_micro': 0.7644331896551724, 'rec_micro': 0.7644331896551725}
epoch 40 time: 5.59e+02s, train loss: 22.41, metrics: {'f1': 0.15410143680166244, 'f1_macro': 0.5416932479017961, 'prec_macro': 0.8777028203398911, 'rec_macro': 0.5087850773071592, 'f1_micro': 0.764885775862069, 'prec_micro': 0.764885775862069, 'rec_micro': 0.764885775862069}
epoch 41 time: 5.57e+02s, train loss: 22.41, metrics: {'f1': 0.15431410792235534, 'f1_macro': 0.5417908055948022, 'prec_macro': 0.8790801046499437, 'rec_macro': 0.5087628707153927, 'f1_micro': 0.7645129310344828, 'prec_micro': 0.7645129310344828, 'rec_micro': 0.7645129310344828}
epoch 42 time: 5.58e+02s, train loss: 22.41, metrics: {'f1': 0.15426442452925185, 'f1_macro': 0.5417641398064721, 'prec_macro': 0.8786281724554195, 'rec_macro': 0.5087961188758662, 'f1_micro': 0.7646831896551725, 'prec_micro': 0.7646831896551725, 'rec_micro': 0.7646831896551725}
epoch 43 time: 5.57e+02s, train loss: 22.41, metrics: {'f1': 0.1541610457273108, 'f1_macro': 0.5417162363091539, 'prec_macro': 0.8779422834891363, 'rec_macro': 0.5088104713754537, 'f1_micro': 0.764875, 'prec_micro': 0.764875, 'rec_micro': 0.764875}
epoch 44 time: 5.58e+02s, train loss: 22.43, metrics: {'f1': 0.15346320346320344, 'f1_macro': 0.5414936782651399, 'prec_macro': 0.8767068580497099, 'rec_macro': 0.5081725513459461, 'f1_micro': 0.7639913793103448, 'prec_micro': 0.7639913793103448, 'rec_micro': 0.7639913793103449}
epoch 45 time: 5.58e+02s, train loss: 22.46, metrics: {'f1': 0.15324016619003938, 'f1_macro': 0.5414435817781841, 'prec_macro': 0.8770150352289912, 'rec_macro': 0.5078143296459944, 'f1_micro': 0.7632521551724137, 'prec_micro': 0.7632521551724137, 'rec_micro': 0.7632521551724137}
epoch 46 time: 5.58e+02s, train loss: 22.44, metrics: {'f1': 0.15409680898109288, 'f1_macro': 0.5416853251627816, 'prec_macro': 0.8774771359886446, 'rec_macro': 0.5088278783282177, 'f1_micro': 0.7650193965517241, 'prec_micro': 0.7650193965517241, 'rec_micro': 0.7650193965517241}
epoch 47 time: 5.58e+02s, train loss: 22.44, metrics: {'f1': 0.1540383466405953, 'f1_macro': 0.5416626769500072, 'prec_macro': 0.8772387741148966, 'rec_macro': 0.5088037671813178, 'f1_micro': 0.7650323275862069, 'prec_micro': 0.7650323275862069, 'rec_micro': 0.7650323275862069}
epoch 48 time: 5.58e+02s, train loss: 22.44, metrics: {'f1': 0.1540217036933538, 'f1_macro': 0.5416523227149375, 'prec_macro': 0.8770389568835535, 'rec_macro': 0.5088254504197036, 'f1_micro': 0.7651206896551724, 'prec_micro': 0.7651206896551724, 'rec_micro': 0.7651206896551724}
epoch 49 time: 5.58e+02s, train loss: 22.43, metrics: {'f1': 0.15408162472515946, 'f1_macro': 0.5416644827445589, 'prec_macro': 0.8769096212840364, 'rec_macro': 0.5089309046821288, 'f1_micro': 0.7653469827586207, 'prec_micro': 0.7653469827586207, 'rec_micro': 0.7653469827586207}
epoch 50 time: 5.57e+02s, train loss: 22.43, metrics: {'f1': 0.15405651069383694, 'f1_macro': 0.541656007940011, 'prec_macro': 0.8768496146237172, 'rec_macro': 0.5089114103324617, 'f1_micro': 0.7653254310344828, 'prec_micro': 0.7653254310344828, 'rec_micro': 0.7653254310344828}
epoch 51 time: 5.57e+02s, train loss: 22.43, metrics: {'f1': 0.154054117043839, 'f1_macro': 0.5416553041424911, 'prec_macro': 0.8768474120727228, 'rec_macro': 0.5089087919341573, 'f1_micro': 0.7653211206896552, 'prec_micro': 0.7653211206896552, 'rec_micro': 0.7653211206896552}
epoch 52 time: 5.57e+02s, train loss: 22.43, metrics: {'f1': 0.1541103874908684, 'f1_macro': 0.5416718496480926, 'prec_macro': 0.876899172021095, 'rec_macro': 0.508970332249624, 'f1_micro': 0.7654224137931035, 'prec_micro': 0.7654224137931035, 'rec_micro': 0.7654224137931035}
epoch 53 time: 5.57e+02s, train loss: 22.43, metrics: {'f1': 0.15411275595446247, 'f1_macro': 0.5416736363135343, 'prec_macro': 0.8769382544469657, 'rec_macro': 0.5089649496917618, 'f1_micro': 0.7654030172413793, 'prec_micro': 0.7654030172413793, 'rec_micro': 0.7654030172413793}
epoch 54 time: 5.68e+02s, train loss: 22.43, metrics: {'f1': 0.15411433285085058, 'f1_macro': 0.5416588538622602, 'prec_macro': 0.8764230374741958, 'rec_macro': 0.5090782596614309, 'f1_micro': 0.7657370689655172, 'prec_micro': 0.7657370689655172, 'rec_micro': 0.7657370689655172}
epoch 55 time: 5.57e+02s, train loss: 22.44, metrics: {'f1': 0.1540584149849169, 'f1_macro': 0.5416206795264299, 'prec_macro': 0.8756336800282989, 'rec_macro': 0.5091765707274272, 'f1_micro': 0.7661099137931034, 'prec_micro': 0.7661099137931034, 'rec_micro': 0.7661099137931033}
epoch 56 time: 5.57e+02s, train loss: 22.45, metrics: {'f1': 0.1547482995341945, 'f1_macro': 0.5417540757433401, 'prec_macro': 0.8738609113683022, 'rec_macro': 0.5104412318506224, 'f1_micro': 0.7688728448275862, 'prec_micro': 0.7688728448275862, 'rec_micro': 0.7688728448275862}
epoch 57 time: 5.57e+02s, train loss: 22.46, metrics: {'f1': 0.15472062572238315, 'f1_macro': 0.5416980978257744, 'prec_macro': 0.8721726838359425, 'rec_macro': 0.5107665761925374, 'f1_micro': 0.7698836206896552, 'prec_micro': 0.7698836206896552, 'rec_micro': 0.7698836206896552}
epoch 58 time: 5.58e+02s, train loss: 22.47, metrics: {'f1': 0.1547592492272394, 'f1_macro': 0.541647418311552, 'prec_macro': 0.8700265056566714, 'rec_macro': 0.5112729746951176, 'f1_micro': 0.7713405172413793, 'prec_micro': 0.7713405172413793, 'rec_micro': 0.7713405172413793}
epoch 59 time: 5.57e+02s, train loss: 22.49, metrics: {'f1': 0.15483132112296663, 'f1_macro': 0.5415507129915818, 'prec_macro': 0.8658761624201478, 'rec_macro': 0.512245208065423, 'f1_micro': 0.7741487068965517, 'prec_micro': 0.7741487068965517, 'rec_micro': 0.7741487068965517}
epoch 60 time: 5.58e+02s, train loss: 22.52, metrics: {'f1': 0.1549509125596705, 'f1_macro': 0.5414478005275437, 'prec_macro': 0.8609150254283784, 'rec_macro': 0.5134422549361959, 'f1_micro': 0.7775754310344828, 'prec_micro': 0.7775754310344828, 'rec_micro': 0.7775754310344827}
epoch 61 time: 5.57e+02s, train loss: 22.57, metrics: {'f1': 0.1552457764386965, 'f1_macro': 0.541328276898917, 'prec_macro': 0.8532875761076782, 'rec_macro': 0.5154016028588289, 'f1_micro': 0.7830711206896551, 'prec_micro': 0.7830711206896551, 'rec_micro': 0.783071120689655}
epoch 62 time: 5.57e+02s, train loss: 22.61, metrics: {'f1': 0.15525930466169513, 'f1_macro': 0.5412101511653697, 'prec_macro': 0.8484876859962818, 'rec_macro': 0.5164167699276851, 'f1_micro': 0.7861422413793103, 'prec_micro': 0.7861422413793103, 'rec_micro': 0.7861422413793103}
epoch 63 time: 5.57e+02s, train loss: 22.61, metrics: {'f1': 0.1552524447055861, 'f1_macro': 0.5413293247971482, 'prec_macro': 0.8532562026102885, 'rec_macro': 0.515416212029686, 'f1_micro': 0.7831056034482758, 'prec_micro': 0.7831056034482758, 'rec_micro': 0.7831056034482758}
epoch 64 time: 5.57e+02s, train loss: 22.58, metrics: {'f1': 0.1550421075361693, 'f1_macro': 0.5413490398238465, 'prec_macro': 0.8562593766985603, 'rec_macro': 0.5145327205214285, 'f1_micro': 0.7807370689655172, 'prec_micro': 0.7807370689655172, 'rec_micro': 0.7807370689655173}
epoch 65 time: 5.57e+02s, train loss: 22.56, metrics: {'f1': 0.15482516564980645, 'f1_macro': 0.5413883987962163, 'prec_macro': 0.859992439355876, 'rec_macro': 0.5134815408129338, 'f1_micro': 0.7778793103448276, 'prec_micro': 0.7778793103448276, 'rec_micro': 0.7778793103448276}
epoch 66 time: 5.57e+02s, train loss: 22.55, metrics: {'f1': 0.15487126723990105, 'f1_macro': 0.541445054883624, 'prec_macro': 0.8616223249954451, 'rec_macro': 0.5131946366204334, 'f1_micro': 0.7769461206896552, 'prec_micro': 0.7769461206896552, 'rec_micro': 0.7769461206896553}
epoch 67 time: 5.57e+02s, train loss: 22.55, metrics: {'f1': 0.15463749449761155, 'f1_macro': 0.5413774239502605, 'prec_macro': 0.8614923487782007, 'rec_macro': 0.5129323993598763, 'f1_micro': 0.7765, 'prec_micro': 0.7765, 'rec_micro': 0.7765}
epoch 68 time: 5.57e+02s, train loss: 22.55, metrics: {'f1': 0.1547052302073823, 'f1_macro': 0.5414016154898521, 'prec_macro': 0.8616993371545587, 'rec_macro': 0.5129726357660797, 'f1_micro': 0.776521551724138, 'prec_micro': 0.776521551724138, 'rec_micro': 0.7765215517241381}
epoch 69 time: 5.58e+02s, train loss: 22.55, metrics: {'f1': 0.15460226533003515, 'f1_macro': 0.5413820222826283, 'prec_macro': 0.8620158124629176, 'rec_macro': 0.5127777915811328, 'f1_micro': 0.7760862068965517, 'prec_micro': 0.7760862068965517, 'rec_micro': 0.7760862068965517}
epoch 70 time: 5.57e+02s, train loss: 22.55, metrics: {'f1': 0.15455470116766346, 'f1_macro': 0.5413648398879859, 'prec_macro': 0.8618633243693921, 'rec_macro': 0.5127509844576743, 'f1_micro': 0.7760754310344827, 'prec_micro': 0.7760754310344827, 'rec_micro': 0.7760754310344827}
epoch 71 time: 5.58e+02s, train loss: 22.55, metrics: {'f1': 0.15462138356588137, 'f1_macro': 0.5413846927236551, 'prec_macro': 0.861921691970748, 'rec_macro': 0.5128214859376283, 'f1_micro': 0.7761896551724138, 'prec_micro': 0.7761896551724138, 'rec_micro': 0.7761896551724138}
epoch 72 time: 5.59e+02s, train loss: 22.55, metrics: {'f1': 0.15458819120247028, 'f1_macro': 0.5413647497065098, 'prec_macro': 0.8615231587835592, 'rec_macro': 0.512864674581218, 'f1_micro': 0.7763685344827587, 'prec_micro': 0.7763685344827587, 'rec_micro': 0.7763685344827587}
epoch 73 time: 5.59e+02s, train loss: 22.55, metrics: {'f1': 0.1544787603918152, 'f1_macro': 0.5413311563796799, 'prec_macro': 0.8613904679404194, 'rec_macro': 0.5127568438409987, 'f1_micro': 0.7762047413793104, 'prec_micro': 0.7762047413793104, 'rec_micro': 0.7762047413793104}
epoch 74 time: 5.6e+02s, train loss: 22.55, metrics: {'f1': 0.15452013745256746, 'f1_macro': 0.54134548933102, 'prec_macro': 0.8615005697815822, 'rec_macro': 0.5127849236059773, 'f1_micro': 0.776228448275862, 'prec_micro': 0.776228448275862, 'rec_micro': 0.776228448275862}
epoch 75 time: 5.6e+02s, train loss: 22.56, metrics: {'f1': 0.1545618516735087, 'f1_macro': 0.5413388410369433, 'prec_macro': 0.8608350929748467, 'rec_macro': 0.5129777151766826, 'f1_micro': 0.7767478448275862, 'prec_micro': 0.7767478448275862, 'rec_micro': 0.7767478448275862}
epoch 76 time: 5.6e+02s, train loss: 22.57, metrics: {'f1': 0.15446648090476972, 'f1_macro': 0.5412655029463589, 'prec_macro': 0.8590895991166285, 'rec_macro': 0.5132291708724945, 'f1_micro': 0.7776465517241379, 'prec_micro': 0.7776465517241379, 'rec_micro': 0.7776465517241379}
epoch 77 time: 5.6e+02s, train loss: 22.58, metrics: {'f1': 0.15462295622091346, 'f1_macro': 0.5412746048930532, 'prec_macro': 0.8578214182065027, 'rec_macro': 0.5136903299505996, 'f1_micro': 0.7788081896551724, 'prec_micro': 0.7788081896551724, 'rec_micro': 0.7788081896551724}
epoch 78 time: 5.6e+02s, train loss: 22.65, metrics: {'f1': 0.154148282723419, 'f1_macro': 0.5406835970653274, 'prec_macro': 0.8398046255485898, 'rec_macro': 0.5169000913130887, 'f1_micro': 0.7892844827586207, 'prec_micro': 0.7892844827586207, 'rec_micro': 0.7892844827586206}
epoch 79 time: 5.6e+02s, train loss: 22.66, metrics: {'f1': 0.153162567435538, 'f1_macro': 0.5404813079033364, 'prec_macro': 0.8428510557876334, 'rec_macro': 0.5150746719282355, 'f1_micro': 0.7851788793103448, 'prec_micro': 0.7851788793103448, 'rec_micro': 0.7851788793103447}
epoch 80 time: 5.6e+02s, train loss: 22.66, metrics: {'f1': 0.15353069332308086, 'f1_macro': 0.5405656751055085, 'prec_macro': 0.8420932003819532, 'rec_macro': 0.5156799596795254, 'f1_micro': 0.7864762931034482, 'prec_micro': 0.7864762931034482, 'rec_micro': 0.7864762931034482}
epoch 81 time: 5.6e+02s, train loss: 22.71, metrics: {'f1': 0.15379497001249856, 'f1_macro': 0.5402700296759745, 'prec_macro': 0.826347773486493, 'rec_macro': 0.5192882184532802, 'f1_micro': 0.7971788793103448, 'prec_micro': 0.7971788793103448, 'rec_micro': 0.7971788793103447}
epoch 82 time: 5.6e+02s, train loss: 22.85, metrics: {'f1': 0.1525741218175959, 'f1_macro': 0.5391953938167491, 'prec_macro': 0.7894527357425467, 'rec_macro': 0.525517425429785, 'f1_micro': 0.8186508620689655, 'prec_micro': 0.8186508620689655, 'rec_micro': 0.8186508620689655}
epoch 83 time: 5.6e+02s, train loss: 23.06, metrics: {'f1': 0.1517274815592931, 'f1_macro': 0.5384709174540468, 'prec_macro': 0.7520525467566981, 'rec_macro': 0.5321939446968246, 'f1_micro': 0.8416271551724138, 'prec_micro': 0.8416271551724138, 'rec_micro': 0.8416271551724138}
epoch 84 time: 5.61e+02s, train loss: 23.32, metrics: {'f1': 0.15335798319327731, 'f1_macro': 0.5389293034889172, 'prec_macro': 0.7210578561401507, 'rec_macro': 0.5397956997530304, 'f1_micro': 0.8642909482758621, 'prec_micro': 0.8642909482758621, 'rec_micro': 0.8642909482758621}
epoch 85 time: 5.61e+02s, train loss: 23.41, metrics: {'f1': 0.15147580483234055, 'f1_macro': 0.5382951221402971, 'prec_macro': 0.7183905946907083, 'rec_macro': 0.538594241665785, 'f1_micro': 0.863385775862069, 'prec_micro': 0.863385775862069, 'rec_micro': 0.863385775862069}
epoch 86 time: 5.61e+02s, train loss: 23.36, metrics: {'f1': 0.15256445591440956, 'f1_macro': 0.5386547790547227, 'prec_macro': 0.7348210406540425, 'rec_macro': 0.5364061642064354, 'f1_micro': 0.8542155172413793, 'prec_micro': 0.8542155172413793, 'rec_micro': 0.8542155172413793}
epoch 87 time: 5.61e+02s, train loss: 23.34, metrics: {'f1': 0.15145894192000534, 'f1_macro': 0.5384668579077783, 'prec_macro': 0.7609003357748056, 'rec_macro': 0.5301460424560843, 'f1_micro': 0.8353556034482759, 'prec_micro': 0.8353556034482759, 'rec_micro': 0.8353556034482759}
epoch 88 time: 5.6e+02s, train loss: 23.05, metrics: {'f1': 0.15246369246257388, 'f1_macro': 0.5395675689867313, 'prec_macro': 0.811533817896803, 'rec_macro': 0.5208403738447785, 'f1_micro': 0.8040474137931034, 'prec_micro': 0.8040474137931034, 'rec_micro': 0.8040474137931033}
epoch 89 time: 5.6e+02s, train loss: 22.82, metrics: {'f1': 0.1534007919049714, 'f1_macro': 0.5402885191642722, 'prec_macro': 0.8321113803958652, 'rec_macro': 0.517625059794814, 'f1_micro': 0.7926379310344828, 'prec_micro': 0.7926379310344828, 'rec_micro': 0.7926379310344828}
epoch 90 time: 5.6e+02s, train loss: 22.69, metrics: {'f1': 0.15352055213681026, 'f1_macro': 0.5406049028518721, 'prec_macro': 0.8437797631467843, 'rec_macro': 0.5153113676981741, 'f1_micro': 0.7853663793103448, 'prec_micro': 0.7853663793103448, 'rec_micro': 0.7853663793103448}
epoch 91 time: 5.6e+02s, train loss: 22.63, metrics: {'f1': 0.15397813982264386, 'f1_macro': 0.541029847900727, 'prec_macro': 0.8553062356099463, 'rec_macro': 0.5134279779092148, 'f1_micro': 0.778967672413793, 'prec_micro': 0.778967672413793, 'rec_micro': 0.778967672413793}
epoch 92 time: 5.6e+02s, train loss: 22.62, metrics: {'f1': 0.15246491950459398, 'f1_macro': 0.5406872811392177, 'prec_macro': 0.8579869909667619, 'rec_macro': 0.5109616493730357, 'f1_micro': 0.7737629310344828, 'prec_micro': 0.7737629310344828, 'rec_micro': 0.7737629310344828}
epoch 93 time: 5.6e+02s, train loss: 22.69, metrics: {'f1': 0.14896920417440299, 'f1_macro': 0.5395098884223408, 'prec_macro': 0.8498706739667172, 'rec_macro': 0.5082756083533276, 'f1_micro': 0.770823275862069, 'prec_micro': 0.770823275862069, 'rec_micro': 0.7708232758620689}
epoch 94 time: 5.61e+02s, train loss: 22.66, metrics: {'f1': 0.150501922166776, 'f1_macro': 0.5397271031405007, 'prec_macro': 0.8423509974897652, 'rec_macro': 0.5119054388145372, 'f1_micro': 0.7795021551724138, 'prec_micro': 0.7795021551724138, 'rec_micro': 0.7795021551724137}
epoch 95 time: 5.6e+02s, train loss: 22.65, metrics: {'f1': 0.15074617053448164, 'f1_macro': 0.5399056363308075, 'prec_macro': 0.846553715583823, 'rec_macro': 0.5112887109803643, 'f1_micro': 0.7772758620689655, 'prec_micro': 0.7772758620689655, 'rec_micro': 0.7772758620689655}
epoch 96 time: 5.6e+02s, train loss: 22.6, metrics: {'f1': 0.15138452663290813, 'f1_macro': 0.540371131653649, 'prec_macro': 0.8571967615260494, 'rec_macro': 0.5097590866911889, 'f1_micro': 0.7717370689655172, 'prec_micro': 0.7717370689655172, 'rec_micro': 0.7717370689655172}
epoch 97 time: 5.61e+02s, train loss: 22.56, metrics: {'f1': 0.15139550064481203, 'f1_macro': 0.5404382785890107, 'prec_macro': 0.8594789086663868, 'rec_macro': 0.5092705373490343, 'f1_micro': 0.7702586206896552, 'prec_micro': 0.7702586206896552, 'rec_micro': 0.7702586206896553}
epoch 98 time: 5.6e+02s, train loss: 22.54, metrics: {'f1': 0.15118301059870484, 'f1_macro': 0.5404779167833733, 'prec_macro': 0.8628739825802985, 'rec_macro': 0.5082449028763556, 'f1_micro': 0.7675064655172413, 'prec_micro': 0.7675064655172413, 'rec_micro': 0.7675064655172413}
epoch 99 time: 5.6e+02s, train loss: 22.51, metrics: {'f1': 0.15135539819696167, 'f1_macro': 0.5406321784967266, 'prec_macro': 0.8665878886049557, 'rec_macro': 0.5076458100100907, 'f1_micro': 0.7654741379310345, 'prec_micro': 0.7654741379310345, 'rec_micro': 0.7654741379310345}
epoch 100 time: 5.6e+02s, train loss: 22.48, metrics: {'f1': 0.15318744053282587, 'f1_macro': 0.5412982128427113, 'prec_macro': 0.8725844816498228, 'rec_macro': 0.5087123831953757, 'f1_micro': 0.7659913793103448, 'prec_micro': 0.7659913793103448, 'rec_micro': 0.7659913793103448}
post-training summary -- best {'f1': 0.15525930466169513, 'f1_macro': 0.5412101511653697, 'prec_macro': 0.8484876859962818, 'rec_macro': 0.5164167699276851, 'f1_micro': 0.7861422413793103, 'prec_micro': 0.7861422413793103, 'rec_micro': 0.7861422413793103}
run 2 start -- seed=1
/home/azureuser/.local/lib/python3.8/site-packages/sklearn/metrics/_classification.py:1344: UndefinedMetricWarning: Precision and F-score are ill-defined and being set to 0.0 in labels with no predicted samples. Use `zero_division` parameter to control this behavior.
  _warn_prf(average, modifier, msg_start, len(result))
epoch 1 time: 5.59e+02s, train loss: 24.69, metrics: {'f1': 0.04211561222918218, 'f1_macro': 0.010755387931034482, 'prec_macro': 0.5, 'rec_macro': 0.02105780611459109, 'f1_micro': 0.021510775862068964, 'prec_micro': 0.021510775862068964, 'rec_micro': 0.021510775862068964}
epoch 2 time: 5.59e+02s, train loss: 23.53, metrics: {'f1': 0.14241459549743754, 'f1_macro': 0.538327241859809, 'prec_macro': 0.8674411845769513, 'rec_macro': 0.4949630440217324, 'f1_micro': 0.7410646551724138, 'prec_micro': 0.7410646551724138, 'rec_micro': 0.7410646551724138}
epoch 3 time: 5.59e+02s, train loss: 22.56, metrics: {'f1': 0.15083860238166216, 'f1_macro': 0.5403835048414124, 'prec_macro': 0.8628105692592261, 'rec_macro': 0.5078100043035345, 'f1_micro': 0.7667112068965517, 'prec_micro': 0.7667112068965517, 'rec_micro': 0.7667112068965517}
epoch 4 time: 5.59e+02s, train loss: 22.56, metrics: {'f1': 0.15100668547358656, 'f1_macro': 0.5405997331990269, 'prec_macro': 0.8686414825167592, 'rec_macro': 0.5067299037204963, 'f1_micro': 0.763260775862069, 'prec_micro': 0.763260775862069, 'rec_micro': 0.763260775862069}
epoch 5 time: 5.59e+02s, train loss: 22.54, metrics: {'f1': 0.14686668637304168, 'f1_macro': 0.5395755332607416, 'prec_macro': 0.8707064171056652, 'rec_macro': 0.5006132896970925, 'f1_micro': 0.7511939655172414, 'prec_micro': 0.7511939655172414, 'rec_micro': 0.7511939655172414}
epoch 6 time: 5.57e+02s, train loss: 22.51, metrics: {'f1': 0.14647783704248665, 'f1_macro': 0.5394830782127237, 'prec_macro': 0.870961681643946, 'rec_macro': 0.5000040607110612, 'f1_micro': 0.7499676724137931, 'prec_micro': 0.7499676724137931, 'rec_micro': 0.7499676724137931}
epoch 7 time: 5.57e+02s, train loss: 22.47, metrics: {'f1': 0.1535703245749614, 'f1_macro': 0.5415361235158488, 'prec_macro': 0.8771747715932275, 'rec_macro': 0.5082101560265241, 'f1_micro': 0.7639482758620689, 'prec_micro': 0.7639482758620689, 'rec_micro': 0.7639482758620689}
epoch 8 time: 5.57e+02s, train loss: 22.48, metrics: {'f1': 0.15379245078114087, 'f1_macro': 0.5415761928351587, 'prec_macro': 0.8765324729890658, 'rec_macro': 0.5086382406429963, 'f1_micro': 0.764896551724138, 'prec_micro': 0.764896551724138, 'rec_micro': 0.7648965517241378}
epoch 9 time: 5.58e+02s, train loss: 22.49, metrics: {'f1': 0.15221247056664935, 'f1_macro': 0.54115874514358, 'prec_macro': 0.876601313465522, 'rec_macro': 0.5065537036599849, 'f1_micro': 0.7610043103448276, 'prec_micro': 0.7610043103448276, 'rec_micro': 0.7610043103448276}
epoch 10 time: 5.59e+02s, train loss: 22.46, metrics: {'f1': 0.15303755423515905, 'f1_macro': 0.5413719785786665, 'prec_macro': 0.8764210384953175, 'rec_macro': 0.507679291298134, 'f1_micro': 0.7631443965517242, 'prec_micro': 0.7631443965517242, 'rec_micro': 0.7631443965517242}
epoch 11 time: 5.57e+02s, train loss: 22.46, metrics: {'f1': 0.15222153051578244, 'f1_macro': 0.5411037455097971, 'prec_macro': 0.874700079104417, 'rec_macro': 0.5069863153044517, 'f1_micro': 0.7622693965517241, 'prec_micro': 0.7622693965517241, 'rec_micro': 0.7622693965517241}
epoch 12 time: 5.57e+02s, train loss: 22.45, metrics: {'f1': 0.15110356536502545, 'f1_macro': 0.5407490960330581, 'prec_macro': 0.8727610414564897, 'rec_macro': 0.5059367849779262, 'f1_micro': 0.7607758620689655, 'prec_micro': 0.7607758620689655, 'rec_micro': 0.7607758620689654}
epoch 13 time: 5.57e+02s, train loss: 22.45, metrics: {'f1': 0.1512498180620351, 'f1_macro': 0.5407842609835702, 'prec_macro': 0.8726438455960079, 'rec_macro': 0.5061575620385, 'f1_micro': 0.7612176724137931, 'prec_micro': 0.7612176724137931, 'rec_micro': 0.7612176724137932}
epoch 14 time: 5.57e+02s, train loss: 22.45, metrics: {'f1': 0.15207138894026262, 'f1_macro': 0.5410200093076766, 'prec_macro': 0.8732369467227072, 'rec_macro': 0.5071121233780178, 'f1_micro': 0.7628577586206896, 'prec_micro': 0.7628577586206896, 'rec_micro': 0.7628577586206896}
epoch 15 time: 5.57e+02s, train loss: 22.45, metrics: {'f1': 0.15335532868525895, 'f1_macro': 0.5413833768572784, 'prec_macro': 0.8739545948148606, 'rec_macro': 0.5086316148709676, 'f1_micro': 0.7655086206896552, 'prec_micro': 0.7655086206896552, 'rec_micro': 0.7655086206896552}
epoch 16 time: 5.58e+02s, train loss: 22.56, metrics: {'f1': 0.14463936548153453, 'f1_macro': 0.5369267361186097, 'prec_macro': 0.794352270046538, 'rec_macro': 0.5154397205398729, 'f1_micro': 0.7991875, 'prec_micro': 0.7991875, 'rec_micro': 0.7991875}
/home/azureuser/.local/lib/python3.8/site-packages/sklearn/metrics/_classification.py:1344: UndefinedMetricWarning: Precision and F-score are ill-defined and being set to 0.0 in labels with no predicted samples. Use `zero_division` parameter to control this behavior.
  _warn_prf(average, modifier, msg_start, len(result))
epoch 17 time: 5.57e+02s, train loss: 24.51, metrics: {'f1': 0.0, 'f1_macro': 0.4892446120689655, 'prec_macro': 0.5, 'rec_macro': 0.49456383800335285, 'f1_micro': 0.978489224137931, 'prec_micro': 0.978489224137931, 'rec_micro': 0.978489224137931}
/home/azureuser/.local/lib/python3.8/site-packages/sklearn/metrics/_classification.py:1344: UndefinedMetricWarning: Precision and F-score are ill-defined and being set to 0.0 in labels with no predicted samples. Use `zero_division` parameter to control this behavior.
  _warn_prf(average, modifier, msg_start, len(result))
epoch 18 time: 5.57e+02s, train loss: 24.72, metrics: {'f1': 0.0, 'f1_macro': 0.4892446120689655, 'prec_macro': 0.5, 'rec_macro': 0.49456383800335285, 'f1_micro': 0.978489224137931, 'prec_micro': 0.978489224137931, 'rec_micro': 0.978489224137931}
/home/azureuser/.local/lib/python3.8/site-packages/sklearn/metrics/_classification.py:1344: UndefinedMetricWarning: Precision and F-score are ill-defined and being set to 0.0 in labels with no predicted samples. Use `zero_division` parameter to control this behavior.
  _warn_prf(average, modifier, msg_start, len(result))
epoch 19 time: 5.57e+02s, train loss: 24.72, metrics: {'f1': 0.0, 'f1_macro': 0.4892446120689655, 'prec_macro': 0.5, 'rec_macro': 0.49456383800335285, 'f1_micro': 0.978489224137931, 'prec_micro': 0.978489224137931, 'rec_micro': 0.978489224137931}
/home/azureuser/.local/lib/python3.8/site-packages/sklearn/metrics/_classification.py:1344: UndefinedMetricWarning: Precision and F-score are ill-defined and being set to 0.0 in labels with no predicted samples. Use `zero_division` parameter to control this behavior.
  _warn_prf(average, modifier, msg_start, len(result))
epoch 20 time: 5.58e+02s, train loss: 24.72, metrics: {'f1': 0.0, 'f1_macro': 0.4892446120689655, 'prec_macro': 0.5, 'rec_macro': 0.49456383800335285, 'f1_micro': 0.978489224137931, 'prec_micro': 0.978489224137931, 'rec_micro': 0.978489224137931}
/home/azureuser/.local/lib/python3.8/site-packages/sklearn/metrics/_classification.py:1344: UndefinedMetricWarning: Precision and F-score are ill-defined and being set to 0.0 in labels with no predicted samples. Use `zero_division` parameter to control this behavior.
  _warn_prf(average, modifier, msg_start, len(result))
epoch 21 time: 5.58e+02s, train loss: 24.72, metrics: {'f1': 0.0, 'f1_macro': 0.4892446120689655, 'prec_macro': 0.5, 'rec_macro': 0.49456383800335285, 'f1_micro': 0.978489224137931, 'prec_micro': 0.978489224137931, 'rec_micro': 0.978489224137931}
/home/azureuser/.local/lib/python3.8/site-packages/sklearn/metrics/_classification.py:1344: UndefinedMetricWarning: Precision and F-score are ill-defined and being set to 0.0 in labels with no predicted samples. Use `zero_division` parameter to control this behavior.
  _warn_prf(average, modifier, msg_start, len(result))
epoch 22 time: 5.57e+02s, train loss: 24.72, metrics: {'f1': 0.0, 'f1_macro': 0.4892446120689655, 'prec_macro': 0.5, 'rec_macro': 0.49456383800335285, 'f1_micro': 0.978489224137931, 'prec_micro': 0.978489224137931, 'rec_micro': 0.978489224137931}
/home/azureuser/.local/lib/python3.8/site-packages/sklearn/metrics/_classification.py:1344: UndefinedMetricWarning: Precision and F-score are ill-defined and being set to 0.0 in labels with no predicted samples. Use `zero_division` parameter to control this behavior.
  _warn_prf(average, modifier, msg_start, len(result))
epoch 23 time: 5.57e+02s, train loss: 24.72, metrics: {'f1': 0.0, 'f1_macro': 0.4892446120689655, 'prec_macro': 0.5, 'rec_macro': 0.49456383800335285, 'f1_micro': 0.978489224137931, 'prec_micro': 0.978489224137931, 'rec_micro': 0.978489224137931}
/home/azureuser/.local/lib/python3.8/site-packages/sklearn/metrics/_classification.py:1344: UndefinedMetricWarning: Precision and F-score are ill-defined and being set to 0.0 in labels with no predicted samples. Use `zero_division` parameter to control this behavior.
  _warn_prf(average, modifier, msg_start, len(result))
epoch 24 time: 5.57e+02s, train loss: 24.72, metrics: {'f1': 0.0, 'f1_macro': 0.4892446120689655, 'prec_macro': 0.5, 'rec_macro': 0.49456383800335285, 'f1_micro': 0.978489224137931, 'prec_micro': 0.978489224137931, 'rec_micro': 0.978489224137931}
/home/azureuser/.local/lib/python3.8/site-packages/sklearn/metrics/_classification.py:1344: UndefinedMetricWarning: Precision and F-score are ill-defined and being set to 0.0 in labels with no predicted samples. Use `zero_division` parameter to control this behavior.
  _warn_prf(average, modifier, msg_start, len(result))
epoch 25 time: 5.57e+02s, train loss: 24.72, metrics: {'f1': 0.0, 'f1_macro': 0.4892446120689655, 'prec_macro': 0.5, 'rec_macro': 0.49456383800335285, 'f1_micro': 0.978489224137931, 'prec_micro': 0.978489224137931, 'rec_micro': 0.978489224137931}
/home/azureuser/.local/lib/python3.8/site-packages/sklearn/metrics/_classification.py:1344: UndefinedMetricWarning: Precision and F-score are ill-defined and being set to 0.0 in labels with no predicted samples. Use `zero_division` parameter to control this behavior.
  _warn_prf(average, modifier, msg_start, len(result))
epoch 26 time: 5.57e+02s, train loss: 24.72, metrics: {'f1': 0.0, 'f1_macro': 0.4892446120689655, 'prec_macro': 0.5, 'rec_macro': 0.49456383800335285, 'f1_micro': 0.978489224137931, 'prec_micro': 0.978489224137931, 'rec_micro': 0.978489224137931}
/home/azureuser/.local/lib/python3.8/site-packages/sklearn/metrics/_classification.py:1344: UndefinedMetricWarning: Precision and F-score are ill-defined and being set to 0.0 in labels with no predicted samples. Use `zero_division` parameter to control this behavior.
  _warn_prf(average, modifier, msg_start, len(result))
epoch 27 time: 5.57e+02s, train loss: 24.72, metrics: {'f1': 0.0, 'f1_macro': 0.4892446120689655, 'prec_macro': 0.5, 'rec_macro': 0.49456383800335285, 'f1_micro': 0.978489224137931, 'prec_micro': 0.978489224137931, 'rec_micro': 0.978489224137931}
/home/azureuser/.local/lib/python3.8/site-packages/sklearn/metrics/_classification.py:1344: UndefinedMetricWarning: Precision and F-score are ill-defined and being set to 0.0 in labels with no predicted samples. Use `zero_division` parameter to control this behavior.
  _warn_prf(average, modifier, msg_start, len(result))
epoch 28 time: 5.57e+02s, train loss: 24.72, metrics: {'f1': 0.0, 'f1_macro': 0.4892446120689655, 'prec_macro': 0.5, 'rec_macro': 0.49456383800335285, 'f1_micro': 0.978489224137931, 'prec_micro': 0.978489224137931, 'rec_micro': 0.978489224137931}
/home/azureuser/.local/lib/python3.8/site-packages/sklearn/metrics/_classification.py:1344: UndefinedMetricWarning: Precision and F-score are ill-defined and being set to 0.0 in labels with no predicted samples. Use `zero_division` parameter to control this behavior.
  _warn_prf(average, modifier, msg_start, len(result))
epoch 29 time: 5.57e+02s, train loss: 24.72, metrics: {'f1': 0.0, 'f1_macro': 0.4892446120689655, 'prec_macro': 0.5, 'rec_macro': 0.49456383800335285, 'f1_micro': 0.978489224137931, 'prec_micro': 0.978489224137931, 'rec_micro': 0.978489224137931}
/home/azureuser/.local/lib/python3.8/site-packages/sklearn/metrics/_classification.py:1344: UndefinedMetricWarning: Precision and F-score are ill-defined and being set to 0.0 in labels with no predicted samples. Use `zero_division` parameter to control this behavior.
  _warn_prf(average, modifier, msg_start, len(result))
epoch 30 time: 5.57e+02s, train loss: 24.72, metrics: {'f1': 0.0, 'f1_macro': 0.4892446120689655, 'prec_macro': 0.5, 'rec_macro': 0.49456383800335285, 'f1_micro': 0.978489224137931, 'prec_micro': 0.978489224137931, 'rec_micro': 0.978489224137931}
/home/azureuser/.local/lib/python3.8/site-packages/sklearn/metrics/_classification.py:1344: UndefinedMetricWarning: Precision and F-score are ill-defined and being set to 0.0 in labels with no predicted samples. Use `zero_division` parameter to control this behavior.
  _warn_prf(average, modifier, msg_start, len(result))
epoch 31 time: 5.57e+02s, train loss: 24.72, metrics: {'f1': 0.0, 'f1_macro': 0.4892446120689655, 'prec_macro': 0.5, 'rec_macro': 0.49456383800335285, 'f1_micro': 0.978489224137931, 'prec_micro': 0.978489224137931, 'rec_micro': 0.978489224137931}
/home/azureuser/.local/lib/python3.8/site-packages/sklearn/metrics/_classification.py:1344: UndefinedMetricWarning: Precision and F-score are ill-defined and being set to 0.0 in labels with no predicted samples. Use `zero_division` parameter to control this behavior.
  _warn_prf(average, modifier, msg_start, len(result))
epoch 32 time: 5.58e+02s, train loss: 24.72, metrics: {'f1': 0.0, 'f1_macro': 0.4892446120689655, 'prec_macro': 0.5, 'rec_macro': 0.49456383800335285, 'f1_micro': 0.978489224137931, 'prec_micro': 0.978489224137931, 'rec_micro': 0.978489224137931}
/home/azureuser/.local/lib/python3.8/site-packages/sklearn/metrics/_classification.py:1344: UndefinedMetricWarning: Precision and F-score are ill-defined and being set to 0.0 in labels with no predicted samples. Use `zero_division` parameter to control this behavior.
  _warn_prf(average, modifier, msg_start, len(result))
epoch 33 time: 5.58e+02s, train loss: 24.72, metrics: {'f1': 0.0, 'f1_macro': 0.4892446120689655, 'prec_macro': 0.5, 'rec_macro': 0.49456383800335285, 'f1_micro': 0.978489224137931, 'prec_micro': 0.978489224137931, 'rec_micro': 0.978489224137931}
/home/azureuser/.local/lib/python3.8/site-packages/sklearn/metrics/_classification.py:1344: UndefinedMetricWarning: Precision and F-score are ill-defined and being set to 0.0 in labels with no predicted samples. Use `zero_division` parameter to control this behavior.
  _warn_prf(average, modifier, msg_start, len(result))
epoch 34 time: 5.58e+02s, train loss: 24.72, metrics: {'f1': 0.0, 'f1_macro': 0.4892446120689655, 'prec_macro': 0.5, 'rec_macro': 0.49456383800335285, 'f1_micro': 0.978489224137931, 'prec_micro': 0.978489224137931, 'rec_micro': 0.978489224137931}
/home/azureuser/.local/lib/python3.8/site-packages/sklearn/metrics/_classification.py:1344: UndefinedMetricWarning: Precision and F-score are ill-defined and being set to 0.0 in labels with no predicted samples. Use `zero_division` parameter to control this behavior.
  _warn_prf(average, modifier, msg_start, len(result))
epoch 35 time: 5.57e+02s, train loss: 24.72, metrics: {'f1': 0.0, 'f1_macro': 0.4892446120689655, 'prec_macro': 0.5, 'rec_macro': 0.49456383800335285, 'f1_micro': 0.978489224137931, 'prec_micro': 0.978489224137931, 'rec_micro': 0.978489224137931}
/home/azureuser/.local/lib/python3.8/site-packages/sklearn/metrics/_classification.py:1344: UndefinedMetricWarning: Precision and F-score are ill-defined and being set to 0.0 in labels with no predicted samples. Use `zero_division` parameter to control this behavior.
  _warn_prf(average, modifier, msg_start, len(result))
epoch 36 time: 5.57e+02s, train loss: 24.72, metrics: {'f1': 0.0, 'f1_macro': 0.4892446120689655, 'prec_macro': 0.5, 'rec_macro': 0.49456383800335285, 'f1_micro': 0.978489224137931, 'prec_micro': 0.978489224137931, 'rec_micro': 0.978489224137931}
/home/azureuser/.local/lib/python3.8/site-packages/sklearn/metrics/_classification.py:1344: UndefinedMetricWarning: Precision and F-score are ill-defined and being set to 0.0 in labels with no predicted samples. Use `zero_division` parameter to control this behavior.
  _warn_prf(average, modifier, msg_start, len(result))
epoch 37 time: 5.57e+02s, train loss: 24.72, metrics: {'f1': 0.0, 'f1_macro': 0.4892446120689655, 'prec_macro': 0.5, 'rec_macro': 0.49456383800335285, 'f1_micro': 0.978489224137931, 'prec_micro': 0.978489224137931, 'rec_micro': 0.978489224137931}
/home/azureuser/.local/lib/python3.8/site-packages/sklearn/metrics/_classification.py:1344: UndefinedMetricWarning: Precision and F-score are ill-defined and being set to 0.0 in labels with no predicted samples. Use `zero_division` parameter to control this behavior.
  _warn_prf(average, modifier, msg_start, len(result))
epoch 38 time: 5.57e+02s, train loss: 24.72, metrics: {'f1': 0.0, 'f1_macro': 0.4892446120689655, 'prec_macro': 0.5, 'rec_macro': 0.49456383800335285, 'f1_micro': 0.978489224137931, 'prec_micro': 0.978489224137931, 'rec_micro': 0.978489224137931}
/home/azureuser/.local/lib/python3.8/site-packages/sklearn/metrics/_classification.py:1344: UndefinedMetricWarning: Precision and F-score are ill-defined and being set to 0.0 in labels with no predicted samples. Use `zero_division` parameter to control this behavior.
  _warn_prf(average, modifier, msg_start, len(result))
epoch 39 time: 5.57e+02s, train loss: 24.72, metrics: {'f1': 0.0, 'f1_macro': 0.4892446120689655, 'prec_macro': 0.5, 'rec_macro': 0.49456383800335285, 'f1_micro': 0.978489224137931, 'prec_micro': 0.978489224137931, 'rec_micro': 0.978489224137931}
/home/azureuser/.local/lib/python3.8/site-packages/sklearn/metrics/_classification.py:1344: UndefinedMetricWarning: Precision and F-score are ill-defined and being set to 0.0 in labels with no predicted samples. Use `zero_division` parameter to control this behavior.
  _warn_prf(average, modifier, msg_start, len(result))
epoch 40 time: 5.58e+02s, train loss: 24.72, metrics: {'f1': 0.0, 'f1_macro': 0.4892446120689655, 'prec_macro': 0.5, 'rec_macro': 0.49456383800335285, 'f1_micro': 0.978489224137931, 'prec_micro': 0.978489224137931, 'rec_micro': 0.978489224137931}
/home/azureuser/.local/lib/python3.8/site-packages/sklearn/metrics/_classification.py:1344: UndefinedMetricWarning: Precision and F-score are ill-defined and being set to 0.0 in labels with no predicted samples. Use `zero_division` parameter to control this behavior.
  _warn_prf(average, modifier, msg_start, len(result))
epoch 41 time: 5.58e+02s, train loss: 24.72, metrics: {'f1': 0.0, 'f1_macro': 0.4892446120689655, 'prec_macro': 0.5, 'rec_macro': 0.49456383800335285, 'f1_micro': 0.978489224137931, 'prec_micro': 0.978489224137931, 'rec_micro': 0.978489224137931}
/home/azureuser/.local/lib/python3.8/site-packages/sklearn/metrics/_classification.py:1344: UndefinedMetricWarning: Precision and F-score are ill-defined and being set to 0.0 in labels with no predicted samples. Use `zero_division` parameter to control this behavior.
  _warn_prf(average, modifier, msg_start, len(result))
epoch 42 time: 5.59e+02s, train loss: 24.72, metrics: {'f1': 0.0, 'f1_macro': 0.4892446120689655, 'prec_macro': 0.5, 'rec_macro': 0.49456383800335285, 'f1_micro': 0.978489224137931, 'prec_micro': 0.978489224137931, 'rec_micro': 0.978489224137931}
/home/azureuser/.local/lib/python3.8/site-packages/sklearn/metrics/_classification.py:1344: UndefinedMetricWarning: Precision and F-score are ill-defined and being set to 0.0 in labels with no predicted samples. Use `zero_division` parameter to control this behavior.
  _warn_prf(average, modifier, msg_start, len(result))
epoch 43 time: 5.58e+02s, train loss: 24.72, metrics: {'f1': 0.0, 'f1_macro': 0.4892446120689655, 'prec_macro': 0.5, 'rec_macro': 0.49456383800335285, 'f1_micro': 0.978489224137931, 'prec_micro': 0.978489224137931, 'rec_micro': 0.978489224137931}
/home/azureuser/.local/lib/python3.8/site-packages/sklearn/metrics/_classification.py:1344: UndefinedMetricWarning: Precision and F-score are ill-defined and being set to 0.0 in labels with no predicted samples. Use `zero_division` parameter to control this behavior.
  _warn_prf(average, modifier, msg_start, len(result))
epoch 44 time: 5.58e+02s, train loss: 24.72, metrics: {'f1': 0.0, 'f1_macro': 0.4892446120689655, 'prec_macro': 0.5, 'rec_macro': 0.49456383800335285, 'f1_micro': 0.978489224137931, 'prec_micro': 0.978489224137931, 'rec_micro': 0.978489224137931}
/home/azureuser/.local/lib/python3.8/site-packages/sklearn/metrics/_classification.py:1344: UndefinedMetricWarning: Precision and F-score are ill-defined and being set to 0.0 in labels with no predicted samples. Use `zero_division` parameter to control this behavior.
  _warn_prf(average, modifier, msg_start, len(result))
epoch 45 time: 5.59e+02s, train loss: 24.72, metrics: {'f1': 0.0, 'f1_macro': 0.4892446120689655, 'prec_macro': 0.5, 'rec_macro': 0.49456383800335285, 'f1_micro': 0.978489224137931, 'prec_micro': 0.978489224137931, 'rec_micro': 0.978489224137931}
/home/azureuser/.local/lib/python3.8/site-packages/sklearn/metrics/_classification.py:1344: UndefinedMetricWarning: Precision and F-score are ill-defined and being set to 0.0 in labels with no predicted samples. Use `zero_division` parameter to control this behavior.
  _warn_prf(average, modifier, msg_start, len(result))
epoch 46 time: 5.59e+02s, train loss: 24.72, metrics: {'f1': 0.0, 'f1_macro': 0.4892446120689655, 'prec_macro': 0.5, 'rec_macro': 0.49456383800335285, 'f1_micro': 0.978489224137931, 'prec_micro': 0.978489224137931, 'rec_micro': 0.978489224137931}
/home/azureuser/.local/lib/python3.8/site-packages/sklearn/metrics/_classification.py:1344: UndefinedMetricWarning: Precision and F-score are ill-defined and being set to 0.0 in labels with no predicted samples. Use `zero_division` parameter to control this behavior.
  _warn_prf(average, modifier, msg_start, len(result))
epoch 47 time: 5.6e+02s, train loss: 24.72, metrics: {'f1': 0.0, 'f1_macro': 0.4892446120689655, 'prec_macro': 0.5, 'rec_macro': 0.49456383800335285, 'f1_micro': 0.978489224137931, 'prec_micro': 0.978489224137931, 'rec_micro': 0.978489224137931}
/home/azureuser/.local/lib/python3.8/site-packages/sklearn/metrics/_classification.py:1344: UndefinedMetricWarning: Precision and F-score are ill-defined and being set to 0.0 in labels with no predicted samples. Use `zero_division` parameter to control this behavior.
  _warn_prf(average, modifier, msg_start, len(result))
epoch 48 time: 5.59e+02s, train loss: 24.72, metrics: {'f1': 0.0, 'f1_macro': 0.4892446120689655, 'prec_macro': 0.5, 'rec_macro': 0.49456383800335285, 'f1_micro': 0.978489224137931, 'prec_micro': 0.978489224137931, 'rec_micro': 0.978489224137931}
/home/azureuser/.local/lib/python3.8/site-packages/sklearn/metrics/_classification.py:1344: UndefinedMetricWarning: Precision and F-score are ill-defined and being set to 0.0 in labels with no predicted samples. Use `zero_division` parameter to control this behavior.
  _warn_prf(average, modifier, msg_start, len(result))
epoch 49 time: 5.59e+02s, train loss: 24.72, metrics: {'f1': 0.0, 'f1_macro': 0.4892446120689655, 'prec_macro': 0.5, 'rec_macro': 0.49456383800335285, 'f1_micro': 0.978489224137931, 'prec_micro': 0.978489224137931, 'rec_micro': 0.978489224137931}
/home/azureuser/.local/lib/python3.8/site-packages/sklearn/metrics/_classification.py:1344: UndefinedMetricWarning: Precision and F-score are ill-defined and being set to 0.0 in labels with no predicted samples. Use `zero_division` parameter to control this behavior.
  _warn_prf(average, modifier, msg_start, len(result))
epoch 50 time: 5.59e+02s, train loss: 24.72, metrics: {'f1': 0.0, 'f1_macro': 0.4892446120689655, 'prec_macro': 0.5, 'rec_macro': 0.49456383800335285, 'f1_micro': 0.978489224137931, 'prec_micro': 0.978489224137931, 'rec_micro': 0.978489224137931}
/home/azureuser/.local/lib/python3.8/site-packages/sklearn/metrics/_classification.py:1344: UndefinedMetricWarning: Precision and F-score are ill-defined and being set to 0.0 in labels with no predicted samples. Use `zero_division` parameter to control this behavior.
  _warn_prf(average, modifier, msg_start, len(result))
epoch 51 time: 5.59e+02s, train loss: 24.72, metrics: {'f1': 0.0, 'f1_macro': 0.4892446120689655, 'prec_macro': 0.5, 'rec_macro': 0.49456383800335285, 'f1_micro': 0.978489224137931, 'prec_micro': 0.978489224137931, 'rec_micro': 0.978489224137931}
/home/azureuser/.local/lib/python3.8/site-packages/sklearn/metrics/_classification.py:1344: UndefinedMetricWarning: Precision and F-score are ill-defined and being set to 0.0 in labels with no predicted samples. Use `zero_division` parameter to control this behavior.
  _warn_prf(average, modifier, msg_start, len(result))
epoch 52 time: 5.59e+02s, train loss: 24.72, metrics: {'f1': 0.0, 'f1_macro': 0.4892446120689655, 'prec_macro': 0.5, 'rec_macro': 0.49456383800335285, 'f1_micro': 0.978489224137931, 'prec_micro': 0.978489224137931, 'rec_micro': 0.978489224137931}
/home/azureuser/.local/lib/python3.8/site-packages/sklearn/metrics/_classification.py:1344: UndefinedMetricWarning: Precision and F-score are ill-defined and being set to 0.0 in labels with no predicted samples. Use `zero_division` parameter to control this behavior.
  _warn_prf(average, modifier, msg_start, len(result))
epoch 53 time: 5.59e+02s, train loss: 24.72, metrics: {'f1': 0.0, 'f1_macro': 0.4892446120689655, 'prec_macro': 0.5, 'rec_macro': 0.49456383800335285, 'f1_micro': 0.978489224137931, 'prec_micro': 0.978489224137931, 'rec_micro': 0.978489224137931}
/home/azureuser/.local/lib/python3.8/site-packages/sklearn/metrics/_classification.py:1344: UndefinedMetricWarning: Precision and F-score are ill-defined and being set to 0.0 in labels with no predicted samples. Use `zero_division` parameter to control this behavior.
  _warn_prf(average, modifier, msg_start, len(result))
epoch 54 time: 5.59e+02s, train loss: 24.72, metrics: {'f1': 0.0, 'f1_macro': 0.4892446120689655, 'prec_macro': 0.5, 'rec_macro': 0.49456383800335285, 'f1_micro': 0.978489224137931, 'prec_micro': 0.978489224137931, 'rec_micro': 0.978489224137931}
/home/azureuser/.local/lib/python3.8/site-packages/sklearn/metrics/_classification.py:1344: UndefinedMetricWarning: Precision and F-score are ill-defined and being set to 0.0 in labels with no predicted samples. Use `zero_division` parameter to control this behavior.
  _warn_prf(average, modifier, msg_start, len(result))
epoch 55 time: 5.59e+02s, train loss: 24.72, metrics: {'f1': 0.0, 'f1_macro': 0.4892446120689655, 'prec_macro': 0.5, 'rec_macro': 0.49456383800335285, 'f1_micro': 0.978489224137931, 'prec_micro': 0.978489224137931, 'rec_micro': 0.978489224137931}
/home/azureuser/.local/lib/python3.8/site-packages/sklearn/metrics/_classification.py:1344: UndefinedMetricWarning: Precision and F-score are ill-defined and being set to 0.0 in labels with no predicted samples. Use `zero_division` parameter to control this behavior.
  _warn_prf(average, modifier, msg_start, len(result))
epoch 56 time: 5.59e+02s, train loss: 24.72, metrics: {'f1': 0.0, 'f1_macro': 0.4892446120689655, 'prec_macro': 0.5, 'rec_macro': 0.49456383800335285, 'f1_micro': 0.978489224137931, 'prec_micro': 0.978489224137931, 'rec_micro': 0.978489224137931}
/home/azureuser/.local/lib/python3.8/site-packages/sklearn/metrics/_classification.py:1344: UndefinedMetricWarning: Precision and F-score are ill-defined and being set to 0.0 in labels with no predicted samples. Use `zero_division` parameter to control this behavior.
  _warn_prf(average, modifier, msg_start, len(result))
epoch 57 time: 5.59e+02s, train loss: 24.72, metrics: {'f1': 0.0, 'f1_macro': 0.4892446120689655, 'prec_macro': 0.5, 'rec_macro': 0.49456383800335285, 'f1_micro': 0.978489224137931, 'prec_micro': 0.978489224137931, 'rec_micro': 0.978489224137931}
/home/azureuser/.local/lib/python3.8/site-packages/sklearn/metrics/_classification.py:1344: UndefinedMetricWarning: Precision and F-score are ill-defined and being set to 0.0 in labels with no predicted samples. Use `zero_division` parameter to control this behavior.
  _warn_prf(average, modifier, msg_start, len(result))
epoch 58 time: 5.59e+02s, train loss: 24.72, metrics: {'f1': 0.0, 'f1_macro': 0.4892446120689655, 'prec_macro': 0.5, 'rec_macro': 0.49456383800335285, 'f1_micro': 0.978489224137931, 'prec_micro': 0.978489224137931, 'rec_micro': 0.978489224137931}
/home/azureuser/.local/lib/python3.8/site-packages/sklearn/metrics/_classification.py:1344: UndefinedMetricWarning: Precision and F-score are ill-defined and being set to 0.0 in labels with no predicted samples. Use `zero_division` parameter to control this behavior.
  _warn_prf(average, modifier, msg_start, len(result))
epoch 59 time: 5.6e+02s, train loss: 24.72, metrics: {'f1': 0.0, 'f1_macro': 0.4892446120689655, 'prec_macro': 0.5, 'rec_macro': 0.49456383800335285, 'f1_micro': 0.978489224137931, 'prec_micro': 0.978489224137931, 'rec_micro': 0.978489224137931}
/home/azureuser/.local/lib/python3.8/site-packages/sklearn/metrics/_classification.py:1344: UndefinedMetricWarning: Precision and F-score are ill-defined and being set to 0.0 in labels with no predicted samples. Use `zero_division` parameter to control this behavior.
  _warn_prf(average, modifier, msg_start, len(result))
epoch 60 time: 5.59e+02s, train loss: 24.72, metrics: {'f1': 0.0, 'f1_macro': 0.4892446120689655, 'prec_macro': 0.5, 'rec_macro': 0.49456383800335285, 'f1_micro': 0.978489224137931, 'prec_micro': 0.978489224137931, 'rec_micro': 0.978489224137931}
/home/azureuser/.local/lib/python3.8/site-packages/sklearn/metrics/_classification.py:1344: UndefinedMetricWarning: Precision and F-score are ill-defined and being set to 0.0 in labels with no predicted samples. Use `zero_division` parameter to control this behavior.
  _warn_prf(average, modifier, msg_start, len(result))
epoch 61 time: 5.59e+02s, train loss: 24.72, metrics: {'f1': 0.0, 'f1_macro': 0.4892446120689655, 'prec_macro': 0.5, 'rec_macro': 0.49456383800335285, 'f1_micro': 0.978489224137931, 'prec_micro': 0.978489224137931, 'rec_micro': 0.978489224137931}
/home/azureuser/.local/lib/python3.8/site-packages/sklearn/metrics/_classification.py:1344: UndefinedMetricWarning: Precision and F-score are ill-defined and being set to 0.0 in labels with no predicted samples. Use `zero_division` parameter to control this behavior.
  _warn_prf(average, modifier, msg_start, len(result))
epoch 62 time: 5.6e+02s, train loss: 24.72, metrics: {'f1': 0.0, 'f1_macro': 0.4892446120689655, 'prec_macro': 0.5, 'rec_macro': 0.49456383800335285, 'f1_micro': 0.978489224137931, 'prec_micro': 0.978489224137931, 'rec_micro': 0.978489224137931}
/home/azureuser/.local/lib/python3.8/site-packages/sklearn/metrics/_classification.py:1344: UndefinedMetricWarning: Precision and F-score are ill-defined and being set to 0.0 in labels with no predicted samples. Use `zero_division` parameter to control this behavior.
  _warn_prf(average, modifier, msg_start, len(result))
epoch 63 time: 5.6e+02s, train loss: 24.72, metrics: {'f1': 0.0, 'f1_macro': 0.4892446120689655, 'prec_macro': 0.5, 'rec_macro': 0.49456383800335285, 'f1_micro': 0.978489224137931, 'prec_micro': 0.978489224137931, 'rec_micro': 0.978489224137931}
/home/azureuser/.local/lib/python3.8/site-packages/sklearn/metrics/_classification.py:1344: UndefinedMetricWarning: Precision and F-score are ill-defined and being set to 0.0 in labels with no predicted samples. Use `zero_division` parameter to control this behavior.
  _warn_prf(average, modifier, msg_start, len(result))
epoch 64 time: 5.6e+02s, train loss: 24.72, metrics: {'f1': 0.0, 'f1_macro': 0.4892446120689655, 'prec_macro': 0.5, 'rec_macro': 0.49456383800335285, 'f1_micro': 0.978489224137931, 'prec_micro': 0.978489224137931, 'rec_micro': 0.978489224137931}
/home/azureuser/.local/lib/python3.8/site-packages/sklearn/metrics/_classification.py:1344: UndefinedMetricWarning: Precision and F-score are ill-defined and being set to 0.0 in labels with no predicted samples. Use `zero_division` parameter to control this behavior.
  _warn_prf(average, modifier, msg_start, len(result))
epoch 65 time: 5.6e+02s, train loss: 24.72, metrics: {'f1': 0.0, 'f1_macro': 0.4892446120689655, 'prec_macro': 0.5, 'rec_macro': 0.49456383800335285, 'f1_micro': 0.978489224137931, 'prec_micro': 0.978489224137931, 'rec_micro': 0.978489224137931}
/home/azureuser/.local/lib/python3.8/site-packages/sklearn/metrics/_classification.py:1344: UndefinedMetricWarning: Precision and F-score are ill-defined and being set to 0.0 in labels with no predicted samples. Use `zero_division` parameter to control this behavior.
  _warn_prf(average, modifier, msg_start, len(result))
epoch 66 time: 5.6e+02s, train loss: 24.72, metrics: {'f1': 0.0, 'f1_macro': 0.4892446120689655, 'prec_macro': 0.5, 'rec_macro': 0.49456383800335285, 'f1_micro': 0.978489224137931, 'prec_micro': 0.978489224137931, 'rec_micro': 0.978489224137931}
/home/azureuser/.local/lib/python3.8/site-packages/sklearn/metrics/_classification.py:1344: UndefinedMetricWarning: Precision and F-score are ill-defined and being set to 0.0 in labels with no predicted samples. Use `zero_division` parameter to control this behavior.
  _warn_prf(average, modifier, msg_start, len(result))
epoch 67 time: 5.6e+02s, train loss: 24.72, metrics: {'f1': 0.0, 'f1_macro': 0.4892446120689655, 'prec_macro': 0.5, 'rec_macro': 0.49456383800335285, 'f1_micro': 0.978489224137931, 'prec_micro': 0.978489224137931, 'rec_micro': 0.978489224137931}
