==========================================
SLURM_JOB_ID = 14722856
SLURM_JOB_NODELIST = d23-13
TMPDIR = /tmp/SLURM_14722856
==========================================
no change     /spack/conda/miniconda3/23.3.1/condabin/conda
no change     /spack/conda/miniconda3/23.3.1/bin/conda
no change     /spack/conda/miniconda3/23.3.1/bin/conda-env
no change     /spack/conda/miniconda3/23.3.1/bin/activate
no change     /spack/conda/miniconda3/23.3.1/bin/deactivate
no change     /spack/conda/miniconda3/23.3.1/etc/profile.d/conda.sh
no change     /spack/conda/miniconda3/23.3.1/etc/fish/conf.d/conda.fish
no change     /spack/conda/miniconda3/23.3.1/shell/condabin/Conda.psm1
no change     /spack/conda/miniconda3/23.3.1/shell/condabin/conda-hook.ps1
no change     /spack/conda/miniconda3/23.3.1/lib/python3.10/site-packages/xontrib/conda.xsh
no change     /spack/conda/miniconda3/23.3.1/etc/profile.d/conda.csh
no change     /home1/vchad/.bashrc
No action taken.
Traceback (most recent call last):
  File "/home1/vchad/plot_hole_detection/train.py", line 433, in <module>
    ) = get_training_artifacts(config)
  File "/home1/vchad/plot_hole_detection/train.py", line 170, in get_training_artifacts
    continuity_train_data, unresolved_train_data = utils.generate_data(
  File "/home1/vchad/plot_hole_detection/data/utils.py", line 183, in generate_data
    continuity_dataset, unresolved_dataset = pkl.load(f)
EOFError: Ran out of input
